<?xml version="1.0" encoding="ISO-8859-1" ?>
<link_info>
   <banner>TI ARM Linker PC v20.2.7.LTS</banner>
   <copyright>Copyright (c) 1996-2018 Texas Instruments Incorporated</copyright>
   <link_time>0x648fd177</link_time>
   <link_errors>0x0</link_errors>
   <output_file>gpiointerrupt_CC3220SF_LAUNCHXL_nortos_ccs.out</output_file>
   <entry_point>
      <name>resetISR</name>
      <address>0x1006911</address>
   </entry_point>
   <input_file_list>
      <input_file id="fl-2">
         <path>.\</path>
         <kind>object</kind>
         <file>gpiointerrupt.obj</file>
         <name>gpiointerrupt.obj</name>
      </input_file>
      <input_file id="fl-3">
         <path>.\syscfg\</path>
         <kind>object</kind>
         <file>ti_drivers_config.obj</file>
         <name>ti_drivers_config.obj</name>
      </input_file>
      <input_file id="fl-4">
         <path>.\</path>
         <kind>object</kind>
         <file>main_nortos.obj</file>
         <name>main_nortos.obj</name>
      </input_file>
      <input_file id="fl-d">
         <kind>object</kind>
         <file>&lt;internal&gt;</file>
         <name>&lt;internal&gt;</name>
      </input_file>
      <input_file id="fl-e">
         <path>C:\ti\simplelink_cc32xx_sdk_4_30_00_06\source\ti\drivers\lib\ccs\m4\</path>
         <kind>archive</kind>
         <file>drivers_cc32xx.a</file>
         <name>I2C.oem4</name>
      </input_file>
      <input_file id="fl-f">
         <path>C:\ti\simplelink_cc32xx_sdk_4_30_00_06\source\ti\drivers\lib\ccs\m4\</path>
         <kind>archive</kind>
         <file>drivers_cc32xx.a</file>
         <name>Timer.oem4</name>
      </input_file>
      <input_file id="fl-10">
         <path>C:\ti\simplelink_cc32xx_sdk_4_30_00_06\source\ti\drivers\lib\ccs\m4\</path>
         <kind>archive</kind>
         <file>drivers_cc32xx.a</file>
         <name>UART.oem4</name>
      </input_file>
      <input_file id="fl-11">
         <path>C:\ti\simplelink_cc32xx_sdk_4_30_00_06\source\ti\drivers\lib\ccs\m4\</path>
         <kind>archive</kind>
         <file>drivers_cc32xx.a</file>
         <name>GPIOCC32XX.oem4</name>
      </input_file>
      <input_file id="fl-12">
         <path>C:\ti\simplelink_cc32xx_sdk_4_30_00_06\source\ti\drivers\lib\ccs\m4\</path>
         <kind>archive</kind>
         <file>drivers_cc32xx.a</file>
         <name>I2CCC32XX.oem4</name>
      </input_file>
      <input_file id="fl-13">
         <path>C:\ti\simplelink_cc32xx_sdk_4_30_00_06\source\ti\drivers\lib\ccs\m4\</path>
         <kind>archive</kind>
         <file>drivers_cc32xx.a</file>
         <name>PowerCC32XX.oem4</name>
      </input_file>
      <input_file id="fl-14">
         <path>C:\ti\simplelink_cc32xx_sdk_4_30_00_06\source\ti\drivers\lib\ccs\m4\</path>
         <kind>archive</kind>
         <file>drivers_cc32xx.a</file>
         <name>PowerCC32XX_asm.oem4</name>
      </input_file>
      <input_file id="fl-15">
         <path>C:\ti\simplelink_cc32xx_sdk_4_30_00_06\source\ti\drivers\lib\ccs\m4\</path>
         <kind>archive</kind>
         <file>drivers_cc32xx.a</file>
         <name>TimerCC32XX.oem4</name>
      </input_file>
      <input_file id="fl-16">
         <path>C:\ti\simplelink_cc32xx_sdk_4_30_00_06\source\ti\drivers\lib\ccs\m4\</path>
         <kind>archive</kind>
         <file>drivers_cc32xx.a</file>
         <name>UARTCC32XX.oem4</name>
      </input_file>
      <input_file id="fl-17">
         <path>C:\ti\simplelink_cc32xx_sdk_4_30_00_06\source\ti\drivers\lib\ccs\m4\</path>
         <kind>archive</kind>
         <file>drivers_cc32xx.a</file>
         <name>List.oem4</name>
      </input_file>
      <input_file id="fl-18">
         <path>C:\ti\simplelink_cc32xx_sdk_4_30_00_06\source\ti\drivers\lib\ccs\m4\</path>
         <kind>archive</kind>
         <file>drivers_cc32xx.a</file>
         <name>RingBuf.oem4</name>
      </input_file>
      <input_file id="fl-19">
         <path>C:\ti\simplelink_cc32xx_sdk_4_30_00_06\kernel\nortos\lib\ccs\m4\</path>
         <kind>archive</kind>
         <file>nortos_cc32xx.a</file>
         <name>NoRTOS.oem4</name>
      </input_file>
      <input_file id="fl-1a">
         <path>C:\ti\simplelink_cc32xx_sdk_4_30_00_06\kernel\nortos\lib\ccs\m4\</path>
         <kind>archive</kind>
         <file>nortos_cc32xx.a</file>
         <name>SemaphoreP_nortos.oem4</name>
      </input_file>
      <input_file id="fl-1b">
         <path>C:\ti\simplelink_cc32xx_sdk_4_30_00_06\kernel\nortos\lib\ccs\m4\</path>
         <kind>archive</kind>
         <file>nortos_cc32xx.a</file>
         <name>ClockPSysTick_nortos.oem4</name>
      </input_file>
      <input_file id="fl-1c">
         <path>C:\ti\simplelink_cc32xx_sdk_4_30_00_06\kernel\nortos\lib\ccs\m4\</path>
         <kind>archive</kind>
         <file>nortos_cc32xx.a</file>
         <name>HwiPCC32XX_nortos.oem4</name>
      </input_file>
      <input_file id="fl-1d">
         <path>C:\ti\simplelink_cc32xx_sdk_4_30_00_06\kernel\nortos\lib\ccs\m4\</path>
         <kind>archive</kind>
         <file>nortos_cc32xx.a</file>
         <name>PowerCC32XX_nortos.oem4</name>
      </input_file>
      <input_file id="fl-1e">
         <path>C:\ti\simplelink_cc32xx_sdk_4_30_00_06\kernel\nortos\lib\ccs\m4\</path>
         <kind>archive</kind>
         <file>nortos_cc32xx.a</file>
         <name>startup_cc32xx_ccs.oem4</name>
      </input_file>
      <input_file id="fl-1f">
         <path>C:\ti\simplelink_cc32xx_sdk_4_30_00_06\kernel\nortos\lib\ccs\m4\</path>
         <kind>archive</kind>
         <file>nortos_cc32xx.a</file>
         <name>SwiP_nortos.oem4</name>
      </input_file>
      <input_file id="fl-20">
         <path>C:\ti\simplelink_cc32xx_sdk_4_30_00_06\kernel\nortos\lib\ccs\m4\</path>
         <kind>archive</kind>
         <file>nortos_cc32xx.a</file>
         <name>QueueP_nortos.oem4</name>
      </input_file>
      <input_file id="fl-21">
         <path>C:\ti\simplelink_cc32xx_sdk_4_30_00_06\source\ti\devices\cc32xx\driverlib\ccs\Release\</path>
         <kind>archive</kind>
         <file>driverlib.a</file>
         <name>cpu.obj</name>
      </input_file>
      <input_file id="fl-22">
         <path>C:\ti\simplelink_cc32xx_sdk_4_30_00_06\source\ti\devices\cc32xx\driverlib\ccs\Release\</path>
         <kind>archive</kind>
         <file>driverlib.a</file>
         <name>i2c.obj</name>
      </input_file>
      <input_file id="fl-23">
         <path>C:\ti\simplelink_cc32xx_sdk_4_30_00_06\source\ti\devices\cc32xx\driverlib\ccs\Release\</path>
         <kind>archive</kind>
         <file>driverlib.a</file>
         <name>interrupt.obj</name>
      </input_file>
      <input_file id="fl-24">
         <path>C:\ti\simplelink_cc32xx_sdk_4_30_00_06\source\ti\devices\cc32xx\driverlib\ccs\Release\</path>
         <kind>archive</kind>
         <file>driverlib.a</file>
         <name>pin.obj</name>
      </input_file>
      <input_file id="fl-25">
         <path>C:\ti\simplelink_cc32xx_sdk_4_30_00_06\source\ti\devices\cc32xx\driverlib\ccs\Release\</path>
         <kind>archive</kind>
         <file>driverlib.a</file>
         <name>prcm.obj</name>
      </input_file>
      <input_file id="fl-26">
         <path>C:\ti\simplelink_cc32xx_sdk_4_30_00_06\source\ti\devices\cc32xx\driverlib\ccs\Release\</path>
         <kind>archive</kind>
         <file>driverlib.a</file>
         <name>timer.obj</name>
      </input_file>
      <input_file id="fl-27">
         <path>C:\ti\simplelink_cc32xx_sdk_4_30_00_06\source\ti\devices\cc32xx\driverlib\ccs\Release\</path>
         <kind>archive</kind>
         <file>driverlib.a</file>
         <name>uart.obj</name>
      </input_file>
      <input_file id="fl-28">
         <path>C:\ti\simplelink_cc32xx_sdk_4_30_00_06\source\ti\devices\cc32xx\driverlib\ccs\Release\</path>
         <kind>archive</kind>
         <file>driverlib.a</file>
         <name>utils.obj</name>
      </input_file>
      <input_file id="fl-29">
         <path>C:\ti\simplelink_cc32xx_sdk_4_30_00_06\source\ti\devices\cc32xx\driverlib\ccs\Release\</path>
         <kind>archive</kind>
         <file>driverlib.a</file>
         <name>flash.obj</name>
      </input_file>
      <input_file id="fl-df">
         <path>C:\ti\ccs1230\ccs\tools\compiler\ti-cgt-arm_20.2.7.LTS\lib\</path>
         <kind>archive</kind>
         <file>rtsv7M4_T_le_eabi.lib</file>
         <name>snprintf.c.obj</name>
      </input_file>
      <input_file id="fl-e0">
         <path>C:\ti\ccs1230\ccs\tools\compiler\ti-cgt-arm_20.2.7.LTS\lib\</path>
         <kind>archive</kind>
         <file>rtsv7M4_T_le_eabi.lib</file>
         <name>fs_mul_t2.asm.obj</name>
      </input_file>
      <input_file id="fl-e1">
         <path>C:\ti\ccs1230\ccs\tools\compiler\ti-cgt-arm_20.2.7.LTS\lib\</path>
         <kind>archive</kind>
         <file>rtsv7M4_T_le_eabi.lib</file>
         <name>fs_toi_t2.asm.obj</name>
      </input_file>
      <input_file id="fl-e2">
         <path>C:\ti\ccs1230\ccs\tools\compiler\ti-cgt-arm_20.2.7.LTS\lib\</path>
         <kind>archive</kind>
         <file>rtsv7M4_T_le_eabi.lib</file>
         <name>i_tofs_t2.asm.obj</name>
      </input_file>
      <input_file id="fl-e3">
         <path>C:\ti\ccs1230\ccs\tools\compiler\ti-cgt-arm_20.2.7.LTS\lib\</path>
         <kind>archive</kind>
         <file>rtsv7M4_T_le_eabi.lib</file>
         <name>ll_mul_t2.asm.obj</name>
      </input_file>
      <input_file id="fl-e4">
         <path>C:\ti\ccs1230\ccs\tools\compiler\ti-cgt-arm_20.2.7.LTS\lib\</path>
         <kind>archive</kind>
         <file>rtsv7M4_T_le_eabi.lib</file>
         <name>memcpy_t2.asm.obj</name>
      </input_file>
      <input_file id="fl-e5">
         <path>C:\ti\ccs1230\ccs\tools\compiler\ti-cgt-arm_20.2.7.LTS\lib\</path>
         <kind>archive</kind>
         <file>rtsv7M4_T_le_eabi.lib</file>
         <name>ull_div_t2.asm.obj</name>
      </input_file>
      <input_file id="fl-e6">
         <path>C:\ti\ccs1230\ccs\tools\compiler\ti-cgt-arm_20.2.7.LTS\lib\</path>
         <kind>archive</kind>
         <file>rtsv7M4_T_le_eabi.lib</file>
         <name>copy_zero_init.c.obj</name>
      </input_file>
      <input_file id="fl-e7">
         <path>C:\ti\ccs1230\ccs\tools\compiler\ti-cgt-arm_20.2.7.LTS\lib\</path>
         <kind>archive</kind>
         <file>rtsv7M4_T_le_eabi.lib</file>
         <name>copy_decompress_none.c.obj</name>
      </input_file>
      <input_file id="fl-e8">
         <path>C:\ti\ccs1230\ccs\tools\compiler\ti-cgt-arm_20.2.7.LTS\lib\</path>
         <kind>archive</kind>
         <file>rtsv7M4_T_le_eabi.lib</file>
         <name>copy_decompress_lzss.c.obj</name>
      </input_file>
      <input_file id="fl-e9">
         <path>C:\ti\ccs1230\ccs\tools\compiler\ti-cgt-arm_20.2.7.LTS\lib\</path>
         <kind>archive</kind>
         <file>rtsv7M4_T_le_eabi.lib</file>
         <name>memory.c.obj</name>
      </input_file>
      <input_file id="fl-ea">
         <path>C:\ti\ccs1230\ccs\tools\compiler\ti-cgt-arm_20.2.7.LTS\lib\</path>
         <kind>archive</kind>
         <file>rtsv7M4_T_le_eabi.lib</file>
         <name>boot_cortex_m.c.obj</name>
      </input_file>
      <input_file id="fl-eb">
         <path>C:\ti\ccs1230\ccs\tools\compiler\ti-cgt-arm_20.2.7.LTS\lib\</path>
         <kind>archive</kind>
         <file>rtsv7M4_T_le_eabi.lib</file>
         <name>_printfi.c.obj</name>
      </input_file>
      <input_file id="fl-ec">
         <path>C:\ti\ccs1230\ccs\tools\compiler\ti-cgt-arm_20.2.7.LTS\lib\</path>
         <kind>archive</kind>
         <file>rtsv7M4_T_le_eabi.lib</file>
         <name>div0.asm.obj</name>
      </input_file>
      <input_file id="fl-ed">
         <path>C:\ti\ccs1230\ccs\tools\compiler\ti-cgt-arm_20.2.7.LTS\lib\</path>
         <kind>archive</kind>
         <file>rtsv7M4_T_le_eabi.lib</file>
         <name>fd_add_t2.asm.obj</name>
      </input_file>
      <input_file id="fl-ee">
         <path>C:\ti\ccs1230\ccs\tools\compiler\ti-cgt-arm_20.2.7.LTS\lib\</path>
         <kind>archive</kind>
         <file>rtsv7M4_T_le_eabi.lib</file>
         <name>fd_cmp_t2.asm.obj</name>
      </input_file>
      <input_file id="fl-ef">
         <path>C:\ti\ccs1230\ccs\tools\compiler\ti-cgt-arm_20.2.7.LTS\lib\</path>
         <kind>archive</kind>
         <file>rtsv7M4_T_le_eabi.lib</file>
         <name>fd_div_t2.asm.obj</name>
      </input_file>
      <input_file id="fl-f0">
         <path>C:\ti\ccs1230\ccs\tools\compiler\ti-cgt-arm_20.2.7.LTS\lib\</path>
         <kind>archive</kind>
         <file>rtsv7M4_T_le_eabi.lib</file>
         <name>fd_mul_t2.asm.obj</name>
      </input_file>
      <input_file id="fl-f1">
         <path>C:\ti\ccs1230\ccs\tools\compiler\ti-cgt-arm_20.2.7.LTS\lib\</path>
         <kind>archive</kind>
         <file>rtsv7M4_T_le_eabi.lib</file>
         <name>fd_toi_t2.asm.obj</name>
      </input_file>
      <input_file id="fl-f2">
         <path>C:\ti\ccs1230\ccs\tools\compiler\ti-cgt-arm_20.2.7.LTS\lib\</path>
         <kind>archive</kind>
         <file>rtsv7M4_T_le_eabi.lib</file>
         <name>i_tofd_t2.asm.obj</name>
      </input_file>
      <input_file id="fl-f3">
         <path>C:\ti\ccs1230\ccs\tools\compiler\ti-cgt-arm_20.2.7.LTS\lib\</path>
         <kind>archive</kind>
         <file>rtsv7M4_T_le_eabi.lib</file>
         <name>memset_t2.asm.obj</name>
      </input_file>
      <input_file id="fl-f4">
         <path>C:\ti\ccs1230\ccs\tools\compiler\ti-cgt-arm_20.2.7.LTS\lib\</path>
         <kind>archive</kind>
         <file>rtsv7M4_T_le_eabi.lib</file>
         <name>autoinit.c.obj</name>
      </input_file>
      <input_file id="fl-f5">
         <path>C:\ti\ccs1230\ccs\tools\compiler\ti-cgt-arm_20.2.7.LTS\lib\</path>
         <kind>archive</kind>
         <file>rtsv7M4_T_le_eabi.lib</file>
         <name>pre_init.c.obj</name>
      </input_file>
      <input_file id="fl-f6">
         <path>C:\ti\ccs1230\ccs\tools\compiler\ti-cgt-arm_20.2.7.LTS\lib\</path>
         <kind>archive</kind>
         <file>rtsv7M4_T_le_eabi.lib</file>
         <name>cpy_tbl.c.obj</name>
      </input_file>
      <input_file id="fl-f7">
         <path>C:\ti\ccs1230\ccs\tools\compiler\ti-cgt-arm_20.2.7.LTS\lib\</path>
         <kind>archive</kind>
         <file>rtsv7M4_T_le_eabi.lib</file>
         <name>exit.c.obj</name>
      </input_file>
      <input_file id="fl-f8">
         <path>C:\ti\ccs1230\ccs\tools\compiler\ti-cgt-arm_20.2.7.LTS\lib\</path>
         <kind>archive</kind>
         <file>rtsv7M4_T_le_eabi.lib</file>
         <name>_lock.c.obj</name>
      </input_file>
      <input_file id="fl-f9">
         <path>C:\ti\ccs1230\ccs\tools\compiler\ti-cgt-arm_20.2.7.LTS\lib\</path>
         <kind>archive</kind>
         <file>rtsv7M4_T_le_eabi.lib</file>
         <name>_ltoa.c.obj</name>
      </input_file>
      <input_file id="fl-fa">
         <path>C:\ti\ccs1230\ccs\tools\compiler\ti-cgt-arm_20.2.7.LTS\lib\</path>
         <kind>archive</kind>
         <file>rtsv7M4_T_le_eabi.lib</file>
         <name>args_main.c.obj</name>
      </input_file>
      <input_file id="fl-fb">
         <path>C:\ti\ccs1230\ccs\tools\compiler\ti-cgt-arm_20.2.7.LTS\lib\</path>
         <kind>archive</kind>
         <file>rtsv7M4_T_le_eabi.lib</file>
         <name>atoi.c.obj</name>
      </input_file>
      <input_file id="fl-fc">
         <path>C:\ti\ccs1230\ccs\tools\compiler\ti-cgt-arm_20.2.7.LTS\lib\</path>
         <kind>archive</kind>
         <file>rtsv7M4_T_le_eabi.lib</file>
         <name>ctype.c.obj</name>
      </input_file>
      <input_file id="fl-fd">
         <path>C:\ti\ccs1230\ccs\tools\compiler\ti-cgt-arm_20.2.7.LTS\lib\</path>
         <kind>archive</kind>
         <file>rtsv7M4_T_le_eabi.lib</file>
         <name>memccpy.c.obj</name>
      </input_file>
      <input_file id="fl-fe">
         <path>C:\ti\ccs1230\ccs\tools\compiler\ti-cgt-arm_20.2.7.LTS\lib\</path>
         <kind>archive</kind>
         <file>rtsv7M4_T_le_eabi.lib</file>
         <name>strchr.c.obj</name>
      </input_file>
      <input_file id="fl-ff">
         <path>C:\ti\ccs1230\ccs\tools\compiler\ti-cgt-arm_20.2.7.LTS\lib\</path>
         <kind>archive</kind>
         <file>rtsv7M4_T_le_eabi.lib</file>
         <name>strlen.c.obj</name>
      </input_file>
      <input_file id="fl-100">
         <path>C:\ti\ccs1230\ccs\tools\compiler\ti-cgt-arm_20.2.7.LTS\lib\</path>
         <kind>archive</kind>
         <file>rtsv7M4_T_le_eabi.lib</file>
         <name>errno.c.obj</name>
      </input_file>
      <input_file id="fl-101">
         <path>C:\ti\ccs1230\ccs\tools\compiler\ti-cgt-arm_20.2.7.LTS\lib\</path>
         <kind>archive</kind>
         <file>rtsv7M4_T_le_eabi.lib</file>
         <name>wcslen.c.obj</name>
      </input_file>
      <input_file id="fl-102">
         <path>C:\ti\ccs1230\ccs\tools\compiler\ti-cgt-arm_20.2.7.LTS\lib\</path>
         <kind>archive</kind>
         <file>rtsv7M4_T_le_eabi.lib</file>
         <name>s_frexp.c.obj</name>
      </input_file>
      <input_file id="fl-103">
         <path>C:\ti\ccs1230\ccs\tools\compiler\ti-cgt-arm_20.2.7.LTS\lib\</path>
         <kind>archive</kind>
         <file>rtsv7M4_T_le_eabi.lib</file>
         <name>s_scalbn.c.obj</name>
      </input_file>
      <input_file id="fl-104">
         <path>C:\ti\ccs1230\ccs\tools\compiler\ti-cgt-arm_20.2.7.LTS\lib\</path>
         <kind>archive</kind>
         <file>rtsv7M4_T_le_eabi.lib</file>
         <name>s_copysign.c.obj</name>
      </input_file>
   </input_file_list>
   <object_component_list>
      <object_component id="oc-4a2">
         <name>.text:__TI_printfi</name>
         <load_address>0x1000840</load_address>
         <run_address>0x1000840</run_address>
         <size>0xa4e</size>
         <input_file_ref idref="fl-eb"/>
      </object_component>
      <object_component id="oc-1db">
         <name>.text:Board_initHook</name>
         <load_address>0x100128e</load_address>
         <run_address>0x100128e</run_address>
         <size>0x2</size>
         <input_file_ref idref="fl-3"/>
      </object_component>
      <object_component id="oc-1cf">
         <name>.text:PRCMCC3200MCUInit</name>
         <load_address>0x1001290</load_address>
         <run_address>0x1001290</run_address>
         <size>0x42c</size>
         <input_file_ref idref="fl-25"/>
      </object_component>
      <object_component id="oc-764">
         <name>.text:UARTCC32XX_open</name>
         <load_address>0x10016bc</load_address>
         <run_address>0x10016bc</run_address>
         <size>0x288</size>
         <input_file_ref idref="fl-16"/>
      </object_component>
      <object_component id="oc-61c">
         <name>.text:_pconv_a</name>
         <load_address>0x1001944</load_address>
         <run_address>0x1001944</run_address>
         <size>0x268</size>
         <input_file_ref idref="fl-eb"/>
      </object_component>
      <object_component id="oc-207">
         <name>.text:initI2C</name>
         <load_address>0x1001bac</load_address>
         <run_address>0x1001bac</run_address>
         <size>0x250</size>
         <input_file_ref idref="fl-2"/>
      </object_component>
      <object_component id="oc-1e9">
         <name>.text:GPIO_setConfig</name>
         <load_address>0x1001dfc</load_address>
         <run_address>0x1001dfc</run_address>
         <size>0x1e4</size>
         <input_file_ref idref="fl-11"/>
      </object_component>
      <object_component id="oc-60a">
         <name>.text:_pconv_g</name>
         <load_address>0x1001fe0</load_address>
         <run_address>0x1001fe0</run_address>
         <size>0x1cc</size>
         <input_file_ref idref="fl-eb"/>
      </object_component>
      <object_component id="oc-7be">
         <name>.text</name>
         <load_address>0x10021ac</load_address>
         <run_address>0x10021ac</run_address>
         <size>0x1b6</size>
         <input_file_ref idref="fl-ed"/>
      </object_component>
      <object_component id="oc-359">
         <name>.text:I2C_init</name>
         <load_address>0x1002362</load_address>
         <run_address>0x1002362</run_address>
         <size>0x2</size>
         <input_file_ref idref="fl-e"/>
      </object_component>
      <object_component id="oc-3f6">
         <name>.text:PowerCC32XX_sleepPolicy</name>
         <load_address>0x1002364</load_address>
         <run_address>0x1002364</run_address>
         <size>0x19c</size>
         <input_file_ref idref="fl-1d"/>
      </object_component>
      <object_component id="oc-4e9">
         <name>.text:I2CCC32XX_hwiFxn</name>
         <load_address>0x1002500</load_address>
         <run_address>0x1002500</run_address>
         <size>0x148</size>
         <input_file_ref idref="fl-12"/>
      </object_component>
      <object_component id="oc-6f9">
         <name>.text:parkPins</name>
         <load_address>0x1002648</load_address>
         <run_address>0x1002648</run_address>
         <size>0x148</size>
         <input_file_ref idref="fl-13"/>
      </object_component>
      <object_component id="oc-616">
         <name>.text:_pconv_e</name>
         <load_address>0x1002790</load_address>
         <run_address>0x1002790</run_address>
         <size>0x13c</size>
         <input_file_ref idref="fl-eb"/>
      </object_component>
      <object_component id="oc-56f">
         <name>.text:Power_sleep</name>
         <load_address>0x10028cc</load_address>
         <run_address>0x10028cc</run_address>
         <size>0x138</size>
         <input_file_ref idref="fl-13"/>
      </object_component>
      <object_component id="oc-7a4">
         <name>.text</name>
         <load_address>0x1002a04</load_address>
         <run_address>0x1002a04</run_address>
         <size>0x136</size>
         <input_file_ref idref="fl-ef"/>
      </object_component>
      <object_component id="oc-3f0">
         <name>.text:PowerCC32XX_initPolicy</name>
         <load_address>0x1002b3a</load_address>
         <run_address>0x1002b3a</run_address>
         <size>0x2</size>
         <input_file_ref idref="fl-1d"/>
      </object_component>
      <object_component id="oc-876">
         <name>.text:TimerCC32XX_open</name>
         <load_address>0x1002b3c</load_address>
         <run_address>0x1002b3c</run_address>
         <size>0x128</size>
         <input_file_ref idref="fl-15"/>
      </object_component>
      <object_component id="oc-4f7">
         <name>.text:I2C_transferTimeout</name>
         <load_address>0x1002c64</load_address>
         <run_address>0x1002c64</run_address>
         <size>0x122</size>
         <input_file_ref idref="fl-e"/>
      </object_component>
      <object_component id="oc-870">
         <name>.text:TimerCC32XX_init</name>
         <load_address>0x1002d86</load_address>
         <run_address>0x1002d86</run_address>
         <size>0x2</size>
         <input_file_ref idref="fl-15"/>
      </object_component>
      <object_component id="oc-752">
         <name>.text:UARTCC32XX_close</name>
         <load_address>0x1002d88</load_address>
         <run_address>0x1002d88</run_address>
         <size>0x120</size>
         <input_file_ref idref="fl-16"/>
      </object_component>
      <object_component id="oc-7d0">
         <name>.text:fcvt</name>
         <load_address>0x1002ea8</load_address>
         <run_address>0x1002ea8</run_address>
         <size>0x120</size>
         <input_file_ref idref="fl-eb"/>
      </object_component>
      <object_component id="oc-513">
         <name>.text:readTemp</name>
         <load_address>0x1002fc8</load_address>
         <run_address>0x1002fc8</run_address>
         <size>0x120</size>
         <input_file_ref idref="fl-2"/>
      </object_component>
      <object_component id="oc-5ce">
         <name>.text:aligned_alloc</name>
         <load_address>0x10030e8</load_address>
         <run_address>0x10030e8</run_address>
         <size>0x100</size>
         <input_file_ref idref="fl-e9"/>
      </object_component>
      <object_component id="oc-365">
         <name>.text:I2C_open</name>
         <load_address>0x10031e8</load_address>
         <run_address>0x10031e8</run_address>
         <size>0xfc</size>
         <input_file_ref idref="fl-12"/>
      </object_component>
      <object_component id="oc-79f">
         <name>.text</name>
         <load_address>0x10032e4</load_address>
         <run_address>0x10032e4</run_address>
         <size>0xfc</size>
         <input_file_ref idref="fl-f0"/>
      </object_component>
      <object_component id="oc-758">
         <name>.text:UARTCC32XX_control</name>
         <load_address>0x10033e0</load_address>
         <run_address>0x10033e0</run_address>
         <size>0xf2</size>
         <input_file_ref idref="fl-16"/>
      </object_component>
      <object_component id="oc-75e">
         <name>.text:UARTCC32XX_init</name>
         <load_address>0x10034d2</load_address>
         <run_address>0x10034d2</run_address>
         <size>0x2</size>
         <input_file_ref idref="fl-16"/>
      </object_component>
      <object_component id="oc-412">
         <name>.text:free</name>
         <load_address>0x10034d4</load_address>
         <run_address>0x10034d4</run_address>
         <size>0xe4</size>
         <input_file_ref idref="fl-e9"/>
      </object_component>
      <object_component id="oc-7e4">
         <name>.text:scalbn</name>
         <load_address>0x10035b8</load_address>
         <run_address>0x10035b8</run_address>
         <size>0xd0</size>
         <input_file_ref idref="fl-103"/>
      </object_component>
      <object_component id="oc-77c">
         <name>.text:UARTCC32XX_write</name>
         <load_address>0x1003688</load_address>
         <run_address>0x1003688</run_address>
         <size>0xca</size>
         <input_file_ref idref="fl-16"/>
      </object_component>
      <object_component id="oc-3b8">
         <name>.text:_nop</name>
         <load_address>0x1003752</load_address>
         <run_address>0x1003752</run_address>
         <size>0x2</size>
         <input_file_ref idref="fl-f8"/>
      </object_component>
      <object_component id="oc-1e3">
         <name>.text:GPIO_init</name>
         <load_address>0x1003754</load_address>
         <run_address>0x1003754</run_address>
         <size>0xc4</size>
         <input_file_ref idref="fl-11"/>
      </object_component>
      <object_component id="oc-716">
         <name>.text:restoreParkedPins</name>
         <load_address>0x1003818</load_address>
         <run_address>0x1003818</run_address>
         <size>0xc0</size>
         <input_file_ref idref="fl-13"/>
      </object_component>
      <object_component id="oc-770">
         <name>.text:UARTCC32XX_readPolling</name>
         <load_address>0x10038d8</load_address>
         <run_address>0x10038d8</run_address>
         <size>0xba</size>
         <input_file_ref idref="fl-16"/>
      </object_component>
      <object_component id="oc-74">
         <name>.text:busFaultHandler</name>
         <load_address>0x1003992</load_address>
         <run_address>0x1003992</run_address>
         <size>0x2</size>
         <input_file_ref idref="fl-1e"/>
      </object_component>
      <object_component id="oc-93a">
         <name>.text:initHw</name>
         <load_address>0x1003994</load_address>
         <run_address>0x1003994</run_address>
         <size>0xb8</size>
         <input_file_ref idref="fl-16"/>
      </object_component>
      <object_component id="oc-a61">
         <name>.text:readTaskCallback</name>
         <load_address>0x1003a4c</load_address>
         <run_address>0x1003a4c</run_address>
         <size>0xb6</size>
         <input_file_ref idref="fl-16"/>
      </object_component>
      <object_component id="oc-682">
         <name>.text:I2CCC32XX_completeTransfer</name>
         <load_address>0x1003b02</load_address>
         <run_address>0x1003b02</run_address>
         <size>0xb2</size>
         <input_file_ref idref="fl-12"/>
      </object_component>
      <object_component id="oc-5ff">
         <name>.text:_ltostr</name>
         <load_address>0x1003bb4</load_address>
         <run_address>0x1003bb4</run_address>
         <size>0xb1</size>
         <input_file_ref idref="fl-eb"/>
      </object_component>
      <object_component id="oc-a4f">
         <name>.text:readTaskBlocking</name>
         <load_address>0x1003c66</load_address>
         <run_address>0x1003c66</run_address>
         <size>0xb0</size>
         <input_file_ref idref="fl-16"/>
      </object_component>
      <object_component id="oc-a55">
         <name>.text:readIsrTextBlocking</name>
         <load_address>0x1003d16</load_address>
         <run_address>0x1003d16</run_address>
         <size>0xae</size>
         <input_file_ref idref="fl-16"/>
      </object_component>
      <object_component id="oc-670">
         <name>.text:I2CCC32XX_primeWriteBurst</name>
         <load_address>0x1003dc4</load_address>
         <run_address>0x1003dc4</run_address>
         <size>0xa8</size>
         <input_file_ref idref="fl-12"/>
      </object_component>
      <object_component id="oc-b6">
         <name>.text:IntEnable</name>
         <load_address>0x1003e6c</load_address>
         <run_address>0x1003e6c</run_address>
         <size>0xa8</size>
         <input_file_ref idref="fl-23"/>
      </object_component>
      <object_component id="oc-2b2">
         <name>.text:PowerCC32XX_configureWakeup</name>
         <load_address>0x1003f14</load_address>
         <run_address>0x1003f14</run_address>
         <size>0xa8</size>
         <input_file_ref idref="fl-13"/>
      </object_component>
      <object_component id="oc-a67">
         <name>.text:readIsrTextCallback</name>
         <load_address>0x1003fbc</load_address>
         <run_address>0x1003fbc</run_address>
         <size>0xa2</size>
         <input_file_ref idref="fl-16"/>
      </object_component>
      <object_component id="oc-971">
         <name>.text:writeData</name>
         <load_address>0x100405e</load_address>
         <run_address>0x100405e</run_address>
         <size>0xa2</size>
         <input_file_ref idref="fl-16"/>
      </object_component>
      <object_component id="oc-2d8">
         <name>.text:SemaphoreP_pend</name>
         <load_address>0x1004100</load_address>
         <run_address>0x1004100</run_address>
         <size>0xa0</size>
         <input_file_ref idref="fl-1a"/>
      </object_component>
      <object_component id="oc-4d7">
         <name>.text:I2CCC32XX_initHw</name>
         <load_address>0x10041a0</load_address>
         <run_address>0x10041a0</run_address>
         <size>0x9c</size>
         <input_file_ref idref="fl-12"/>
      </object_component>
      <object_component id="oc-3c">
         <name>.text</name>
         <load_address>0x100423c</load_address>
         <run_address>0x100423c</run_address>
         <size>0x9c</size>
         <input_file_ref idref="fl-e4"/>
      </object_component>
      <object_component id="oc-2f4">
         <name>.text:powerNotifyFxn</name>
         <load_address>0x10042d8</load_address>
         <run_address>0x10042d8</run_address>
         <size>0x98</size>
         <input_file_ref idref="fl-11"/>
      </object_component>
      <object_component id="oc-56a">
         <name>.text</name>
         <load_address>0x1004370</load_address>
         <run_address>0x1004370</run_address>
         <size>0x96</size>
         <input_file_ref idref="fl-e5"/>
      </object_component>
      <object_component id="oc-437">
         <name>.text:clkFxn</name>
         <load_address>0x1004406</load_address>
         <run_address>0x1004406</run_address>
         <size>0x2</size>
         <input_file_ref idref="fl-1a"/>
      </object_component>
      <object_component id="oc-219">
         <name>.text:runTaskScheduler</name>
         <load_address>0x1004408</load_address>
         <run_address>0x1004408</run_address>
         <size>0x94</size>
         <input_file_ref idref="fl-2"/>
      </object_component>
      <object_component id="oc-70a">
         <name>.text:restoreNVICRegs</name>
         <load_address>0x100449c</load_address>
         <run_address>0x100449c</run_address>
         <size>0x90</size>
         <input_file_ref idref="fl-13"/>
      </object_component>
      <object_component id="oc-473">
         <name>.text:HwiP_construct</name>
         <load_address>0x100452c</load_address>
         <run_address>0x100452c</run_address>
         <size>0x8c</size>
         <input_file_ref idref="fl-1c"/>
      </object_component>
      <object_component id="oc-8e2">
         <name>.text:IntPendSet</name>
         <load_address>0x10045b8</load_address>
         <run_address>0x10045b8</run_address>
         <size>0x88</size>
         <input_file_ref idref="fl-23"/>
      </object_component>
      <object_component id="oc-2fe">
         <name>.text:PinConfigSet</name>
         <load_address>0x1004640</load_address>
         <run_address>0x1004640</run_address>
         <size>0x88</size>
         <input_file_ref idref="fl-24"/>
      </object_component>
      <object_component id="oc-87c">
         <name>.text:TimerCC32XX_setPeriod</name>
         <load_address>0x10046c8</load_address>
         <run_address>0x10046c8</run_address>
         <size>0x88</size>
         <input_file_ref idref="fl-15"/>
      </object_component>
      <object_component id="oc-605">
         <name>.text:__aeabi_cdcmple</name>
         <load_address>0x1004750</load_address>
         <run_address>0x1004750</run_address>
         <size>0x86</size>
         <input_file_ref idref="fl-ee"/>
      </object_component>
      <object_component id="oc-7a9">
         <name>.text:__aeabi_cdrcmple</name>
         <load_address>0x10047d6</load_address>
         <run_address>0x10047d6</run_address>
         <size>0x86</size>
         <input_file_ref idref="fl-ee"/>
      </object_component>
      <object_component id="oc-1d5">
         <name>.text:Power_init</name>
         <load_address>0x100485c</load_address>
         <run_address>0x100485c</run_address>
         <size>0x84</size>
         <input_file_ref idref="fl-13"/>
      </object_component>
      <object_component id="oc-160">
         <name>.text:mainThread</name>
         <load_address>0x10048e0</load_address>
         <run_address>0x10048e0</run_address>
         <size>0x84</size>
         <input_file_ref idref="fl-2"/>
      </object_component>
      <object_component id="oc-6ff">
         <name>.text:saveNVICRegs</name>
         <load_address>0x1004964</load_address>
         <run_address>0x1004964</run_address>
         <size>0x84</size>
         <input_file_ref idref="fl-13"/>
      </object_component>
      <object_component id="oc-304">
         <name>.text:Power_setDependency</name>
         <load_address>0x10049e8</load_address>
         <run_address>0x10049e8</run_address>
         <size>0x80</size>
         <input_file_ref idref="fl-13"/>
      </object_component>
      <object_component id="oc-a49">
         <name>.text:readIsrBinaryBlocking</name>
         <load_address>0x1004a68</load_address>
         <run_address>0x1004a68</run_address>
         <size>0x7c</size>
         <input_file_ref idref="fl-16"/>
      </object_component>
      <object_component id="oc-66a">
         <name>.text:I2CCC32XX_primeReadBurst</name>
         <load_address>0x1004ae4</load_address>
         <run_address>0x1004ae4</run_address>
         <size>0x7a</size>
         <input_file_ref idref="fl-12"/>
      </object_component>
      <object_component id="oc-6ca">
         <name>.text</name>
         <load_address>0x1004b5e</load_address>
         <run_address>0x1004b5e</run_address>
         <size>0x7a</size>
         <input_file_ref idref="fl-e0"/>
      </object_component>
      <object_component id="oc-9e">
         <name>.text</name>
         <load_address>0x1004bd8</load_address>
         <run_address>0x1004bd8</run_address>
         <size>0x7a</size>
         <input_file_ref idref="fl-f3"/>
      </object_component>
      <object_component id="oc-6e">
         <name>.text:defaultHandler</name>
         <load_address>0x1004c52</load_address>
         <run_address>0x1004c52</run_address>
         <size>0x2</size>
         <input_file_ref idref="fl-1e"/>
      </object_component>
      <object_component id="oc-328">
         <name>.text:GPIO_hwiIntFxn</name>
         <load_address>0x1004c54</load_address>
         <run_address>0x1004c54</run_address>
         <size>0x78</size>
         <input_file_ref idref="fl-11"/>
      </object_component>
      <object_component id="oc-882">
         <name>.text:TimerCC32XX_start</name>
         <load_address>0x1004ccc</load_address>
         <run_address>0x1004ccc</run_address>
         <size>0x78</size>
         <input_file_ref idref="fl-15"/>
      </object_component>
      <object_component id="oc-a5b">
         <name>.text:readIsrBinaryCallback</name>
         <load_address>0x1004d44</load_address>
         <run_address>0x1004d44</run_address>
         <size>0x78</size>
         <input_file_ref idref="fl-16"/>
      </object_component>
      <object_component id="oc-949">
         <name>.text:UARTCC32XX_hwiIntFxn</name>
         <load_address>0x1004dbc</load_address>
         <run_address>0x1004dbc</run_address>
         <size>0x74</size>
         <input_file_ref idref="fl-16"/>
      </object_component>
      <object_component id="oc-746">
         <name>.text:split</name>
         <load_address>0x1004e30</load_address>
         <run_address>0x1004e30</run_address>
         <size>0x70</size>
         <input_file_ref idref="fl-e9"/>
      </object_component>
      <object_component id="oc-7c9">
         <name>.text:_mcpy</name>
         <load_address>0x1004ea0</load_address>
         <run_address>0x1004ea0</run_address>
         <size>0x6e</size>
         <input_file_ref idref="fl-eb"/>
      </object_component>
      <object_component id="oc-69d">
         <name>.text:I2CSupport_primeTransfer</name>
         <load_address>0x1004f0e</load_address>
         <run_address>0x1004f0e</run_address>
         <size>0x6a</size>
         <input_file_ref idref="fl-12"/>
      </object_component>
      <object_component id="oc-15">
         <name>.text:decompress:lzss:__TI_decompress_lzss</name>
         <load_address>0x1004f78</load_address>
         <run_address>0x1004f78</run_address>
         <size>0x68</size>
         <input_file_ref idref="fl-e8"/>
      </object_component>
      <object_component id="oc-788">
         <name>.text:UARTCC32XX_writeCancel</name>
         <load_address>0x1004fe0</load_address>
         <run_address>0x1004fe0</run_address>
         <size>0x66</size>
         <input_file_ref idref="fl-16"/>
      </object_component>
      <object_component id="oc-68">
         <name>.text:faultISR</name>
         <load_address>0x1005046</load_address>
         <run_address>0x1005046</run_address>
         <size>0x2</size>
         <input_file_ref idref="fl-1e"/>
      </object_component>
      <object_component id="oc-461">
         <name>.text:PowerCC32XX_setParkState</name>
         <load_address>0x1005048</load_address>
         <run_address>0x1005048</run_address>
         <size>0x64</size>
         <input_file_ref idref="fl-13"/>
      </object_component>
      <object_component id="oc-782">
         <name>.text:UARTCC32XX_writePolling</name>
         <load_address>0x10050ac</load_address>
         <run_address>0x10050ac</run_address>
         <size>0x62</size>
         <input_file_ref idref="fl-16"/>
      </object_component>
      <object_component id="oc-62">
         <name>.text:nmiISR</name>
         <load_address>0x100510e</load_address>
         <run_address>0x100510e</run_address>
         <size>0x2</size>
         <input_file_ref idref="fl-1e"/>
      </object_component>
      <object_component id="oc-280">
         <name>.text:PRCMSysResetCauseGet</name>
         <load_address>0x1005110</load_address>
         <run_address>0x1005110</run_address>
         <size>0x60</size>
         <input_file_ref idref="fl-25"/>
      </object_component>
      <object_component id="oc-3aa">
         <name>.text:sendData</name>
         <load_address>0x1005170</load_address>
         <run_address>0x1005170</run_address>
         <size>0x60</size>
         <input_file_ref idref="fl-2"/>
      </object_component>
      <object_component id="oc-1f5">
         <name>.text:GPIO_setCallback</name>
         <load_address>0x10051d0</load_address>
         <run_address>0x10051d0</run_address>
         <size>0x5c</size>
         <input_file_ref idref="fl-11"/>
      </object_component>
      <object_component id="oc-7de">
         <name>.text:frexp</name>
         <load_address>0x100522c</load_address>
         <run_address>0x100522c</run_address>
         <size>0x5c</size>
         <input_file_ref idref="fl-102"/>
      </object_component>
      <object_component id="oc-8a2">
         <name>.text:sysTickInit</name>
         <load_address>0x1005288</load_address>
         <run_address>0x1005288</run_address>
         <size>0x5c</size>
         <input_file_ref idref="fl-1b"/>
      </object_component>
      <object_component id="oc-1ef">
         <name>.text:GPIO_write</name>
         <load_address>0x10052e4</load_address>
         <run_address>0x10052e4</run_address>
         <size>0x58</size>
         <input_file_ref idref="fl-11"/>
      </object_component>
      <object_component id="oc-299">
         <name>.text:PRCMPeripheralReset</name>
         <load_address>0x100533c</load_address>
         <run_address>0x100533c</run_address>
         <size>0x58</size>
         <input_file_ref idref="fl-25"/>
      </object_component>
      <object_component id="oc-901">
         <name>.text:Power_releaseDependency</name>
         <load_address>0x1005394</load_address>
         <run_address>0x1005394</run_address>
         <size>0x58</size>
         <input_file_ref idref="fl-13"/>
      </object_component>
      <object_component id="oc-888">
         <name>.text:TimerCC32XX_stop</name>
         <load_address>0x10053ec</load_address>
         <run_address>0x10053ec</run_address>
         <size>0x56</size>
         <input_file_ref idref="fl-15"/>
      </object_component>
      <object_component id="oc-610">
         <name>.text:_pconv_f</name>
         <load_address>0x1005442</load_address>
         <run_address>0x1005442</run_address>
         <size>0x56</size>
         <input_file_ref idref="fl-eb"/>
      </object_component>
      <object_component id="oc-7b3">
         <name>.text:__TI_ltoa</name>
         <load_address>0x1005498</load_address>
         <run_address>0x1005498</run_address>
         <size>0x54</size>
         <input_file_ref idref="fl-f9"/>
      </object_component>
      <object_component id="oc-20d">
         <name>.text:initTimer</name>
         <load_address>0x10054ec</load_address>
         <run_address>0x10054ec</run_address>
         <size>0x54</size>
         <input_file_ref idref="fl-2"/>
      </object_component>
      <object_component id="oc-ad6">
         <name>.text:ringBufGet</name>
         <load_address>0x1005540</load_address>
         <run_address>0x1005540</run_address>
         <size>0x54</size>
         <input_file_ref idref="fl-16"/>
      </object_component>
      <object_component id="oc-8bf">
         <name>.text:PowerCC32XX_resumeLPDS</name>
         <load_address>0x1005594</load_address>
         <run_address>0x1005594</run_address>
         <size>0x52</size>
         <input_file_ref idref="fl-14"/>
      </object_component>
      <object_component id="oc-7c3">
         <name>.text:_ecpy</name>
         <load_address>0x10055e6</load_address>
         <run_address>0x10055e6</run_address>
         <size>0x52</size>
         <input_file_ref idref="fl-eb"/>
      </object_component>
      <object_component id="oc-9d6">
         <name>.text:initHw</name>
         <load_address>0x1005638</load_address>
         <run_address>0x1005638</run_address>
         <size>0x52</size>
         <input_file_ref idref="fl-15"/>
      </object_component>
      <object_component id="oc-6ed">
         <name>.text</name>
         <load_address>0x100568a</load_address>
         <run_address>0x100568a</run_address>
         <size>0x2</size>
         <input_file_ref idref="fl-ec"/>
      </object_component>
      <object_component id="oc-7a">
         <name>.text:ClockP_sysTickHandler</name>
         <load_address>0x100568c</load_address>
         <run_address>0x100568c</run_address>
         <size>0x50</size>
         <input_file_ref idref="fl-1b"/>
      </object_component>
      <object_component id="oc-590">
         <name>.text:SemaphoreP_construct</name>
         <load_address>0x10056dc</load_address>
         <run_address>0x10056dc</run_address>
         <size>0x50</size>
         <input_file_ref idref="fl-1a"/>
      </object_component>
      <object_component id="oc-9ca">
         <name>.text:TimerCC32XX_allocateTimerResource</name>
         <load_address>0x100572c</load_address>
         <run_address>0x100572c</run_address>
         <size>0x50</size>
         <input_file_ref idref="fl-15"/>
      </object_component>
      <object_component id="oc-1fb">
         <name>.text:GPIO_enableInt</name>
         <load_address>0x100577c</load_address>
         <run_address>0x100577c</run_address>
         <size>0x4c</size>
         <input_file_ref idref="fl-11"/>
      </object_component>
      <object_component id="oc-65e">
         <name>.text:I2CCC32XX_readRecieveFifo</name>
         <load_address>0x10057c8</load_address>
         <run_address>0x10057c8</run_address>
         <size>0x4c</size>
         <input_file_ref idref="fl-12"/>
      </object_component>
      <object_component id="oc-8b6">
         <name>.text:PowerCC32XX_parkPin</name>
         <load_address>0x1005814</load_address>
         <run_address>0x1005814</run_address>
         <size>0x4c</size>
         <input_file_ref idref="fl-13"/>
      </object_component>
      <object_component id="oc-5f9">
         <name>.text:atoi</name>
         <load_address>0x1005860</load_address>
         <run_address>0x1005860</run_address>
         <size>0x4c</size>
         <input_file_ref idref="fl-fb"/>
      </object_component>
      <object_component id="oc-710">
         <name>.text:restorePeriphClocks</name>
         <load_address>0x10058ac</load_address>
         <run_address>0x10058ac</run_address>
         <size>0x4c</size>
         <input_file_ref idref="fl-13"/>
      </object_component>
      <object_component id="oc-34d">
         <name>.text:snprintf</name>
         <load_address>0x10058f8</load_address>
         <run_address>0x10058f8</run_address>
         <size>0x4c</size>
         <input_file_ref idref="fl-df"/>
      </object_component>
      <object_component id="oc-8da">
         <name>.text:FlashDisable</name>
         <load_address>0x1005944</load_address>
         <run_address>0x1005944</run_address>
         <size>0x48</size>
         <input_file_ref idref="fl-29"/>
      </object_component>
      <object_component id="oc-71c">
         <name>.text:PRCMLPDSEnter</name>
         <load_address>0x100598c</load_address>
         <run_address>0x100598c</run_address>
         <size>0x48</size>
         <input_file_ref idref="fl-25"/>
      </object_component>
      <object_component id="oc-293">
         <name>.text:PRCMPeripheralClkEnable</name>
         <load_address>0x10059d4</load_address>
         <run_address>0x10059d4</run_address>
         <size>0x48</size>
         <input_file_ref idref="fl-25"/>
      </object_component>
      <object_component id="oc-833">
         <name>.text:Power_releaseConstraint</name>
         <load_address>0x1005a1c</load_address>
         <run_address>0x1005a1c</run_address>
         <size>0x48</size>
         <input_file_ref idref="fl-13"/>
      </object_component>
      <object_component id="oc-7ae">
         <name>.text</name>
         <load_address>0x1005a64</load_address>
         <run_address>0x1005a64</run_address>
         <size>0x48</size>
         <input_file_ref idref="fl-f1"/>
      </object_component>
      <object_component id="oc-ac3">
         <name>.text:RingBuf_put</name>
         <load_address>0x1005aac</load_address>
         <run_address>0x1005aac</run_address>
         <size>0x46</size>
         <input_file_ref idref="fl-18"/>
      </object_component>
      <object_component id="oc-9d0">
         <name>.text:getPrescaler</name>
         <load_address>0x1005af2</load_address>
         <run_address>0x1005af2</run_address>
         <size>0x46</size>
         <input_file_ref idref="fl-15"/>
      </object_component>
      <object_component id="oc-5b8">
         <name>.text:ClockP_stop</name>
         <load_address>0x1005b38</load_address>
         <run_address>0x1005b38</run_address>
         <size>0x44</size>
         <input_file_ref idref="fl-1b"/>
      </object_component>
      <object_component id="oc-8c4">
         <name>.text:PRCMLPDSRestoreInfoSet</name>
         <load_address>0x1005b7c</load_address>
         <run_address>0x1005b7c</run_address>
         <size>0x44</size>
         <input_file_ref idref="fl-25"/>
      </object_component>
      <object_component id="oc-705">
         <name>.text:PowerCC32XX_enterLPDS</name>
         <load_address>0x1005bc0</load_address>
         <run_address>0x1005bc0</run_address>
         <size>0x44</size>
         <input_file_ref idref="fl-14"/>
      </object_component>
      <object_component id="oc-2e4">
         <name>.text:SemaphoreP_post</name>
         <load_address>0x1005c04</load_address>
         <run_address>0x1005c04</run_address>
         <size>0x44</size>
         <input_file_ref idref="fl-1a"/>
      </object_component>
      <object_component id="oc-580">
         <name>.text:SwiP_restore</name>
         <load_address>0x1005c48</load_address>
         <run_address>0x1005c48</run_address>
         <size>0x44</size>
         <input_file_ref idref="fl-1f"/>
      </object_component>
      <object_component id="oc-37a">
         <name>.text:Timer_init</name>
         <load_address>0x1005c8c</load_address>
         <run_address>0x1005c8c</run_address>
         <size>0x44</size>
         <input_file_ref idref="fl-f"/>
      </object_component>
      <object_component id="oc-339">
         <name>.text:UART_init</name>
         <load_address>0x1005cd0</load_address>
         <run_address>0x1005cd0</run_address>
         <size>0x44</size>
         <input_file_ref idref="fl-10"/>
      </object_component>
      <object_component id="oc-173">
         <name>.text:__TI_auto_init_nobinit_nopinit:__TI_auto_init_nobinit_nopinit</name>
         <load_address>0x1005d14</load_address>
         <run_address>0x1005d14</run_address>
         <size>0x44</size>
         <input_file_ref idref="fl-f4"/>
      </object_component>
      <object_component id="oc-201">
         <name>.text:initUART</name>
         <load_address>0x1005d58</load_address>
         <run_address>0x1005d58</run_address>
         <size>0x44</size>
         <input_file_ref idref="fl-2"/>
      </object_component>
      <object_component id="oc-3a4">
         <name>.text:temperatureCheck</name>
         <load_address>0x1005d9c</load_address>
         <run_address>0x1005d9c</run_address>
         <size>0x44</size>
         <input_file_ref idref="fl-2"/>
      </object_component>
      <object_component id="oc-a38">
         <name>.text:ClockP_construct</name>
         <load_address>0x1005de0</load_address>
         <run_address>0x1005de0</run_address>
         <size>0x40</size>
         <input_file_ref idref="fl-1b"/>
      </object_component>
      <object_component id="oc-2ab">
         <name>.text:PinModeSet</name>
         <load_address>0x1005e20</load_address>
         <run_address>0x1005e20</run_address>
         <size>0x40</size>
         <input_file_ref idref="fl-24"/>
      </object_component>
      <object_component id="oc-963">
         <name>.text:RingBuf_get</name>
         <load_address>0x1005e60</load_address>
         <run_address>0x1005e60</run_address>
         <size>0x40</size>
         <input_file_ref idref="fl-18"/>
      </object_component>
      <object_component id="oc-386">
         <name>.text:Timer_open</name>
         <load_address>0x1005ea0</load_address>
         <run_address>0x1005ea0</run_address>
         <size>0x40</size>
         <input_file_ref idref="fl-f"/>
      </object_component>
      <object_component id="oc-76a">
         <name>.text:UARTCC32XX_read</name>
         <load_address>0x1005ee0</load_address>
         <run_address>0x1005ee0</run_address>
         <size>0x40</size>
         <input_file_ref idref="fl-16"/>
      </object_component>
      <object_component id="oc-345">
         <name>.text:UART_open</name>
         <load_address>0x1005f20</load_address>
         <run_address>0x1005f20</run_address>
         <size>0x40</size>
         <input_file_ref idref="fl-10"/>
      </object_component>
      <object_component id="oc-7d6">
         <name>.text:_fcpy</name>
         <load_address>0x1005f60</load_address>
         <run_address>0x1005f60</run_address>
         <size>0x3e</size>
         <input_file_ref idref="fl-eb"/>
      </object_component>
      <object_component id="oc-431">
         <name>.text:ClockP_destruct</name>
         <load_address>0x1005fa0</load_address>
         <run_address>0x1005fa0</run_address>
         <size>0x3c</size>
         <input_file_ref idref="fl-1b"/>
      </object_component>
      <object_component id="oc-83a">
         <name>.text:Power_setConstraint</name>
         <load_address>0x1005fdc</load_address>
         <run_address>0x1005fdc</run_address>
         <size>0x3c</size>
         <input_file_ref idref="fl-13"/>
      </object_component>
      <object_component id="oc-39e">
         <name>.text:temperatureUpdate</name>
         <load_address>0x1006018</load_address>
         <run_address>0x1006018</run_address>
         <size>0x3c</size>
         <input_file_ref idref="fl-2"/>
      </object_component>
      <object_component id="oc-85e">
         <name>.text:TimerCC32XX_close</name>
         <load_address>0x1006054</load_address>
         <run_address>0x1006054</run_address>
         <size>0x3a</size>
         <input_file_ref idref="fl-15"/>
      </object_component>
      <object_component id="oc-564">
         <name>.text:getCountsRTC</name>
         <load_address>0x100608e</load_address>
         <run_address>0x100608e</run_address>
         <size>0x3a</size>
         <input_file_ref idref="fl-1d"/>
      </object_component>
      <object_component id="oc-722">
         <name>.text:PRCMLPDSEnterKeepDebugIf</name>
         <load_address>0x10060c8</load_address>
         <run_address>0x10060c8</run_address>
         <size>0x38</size>
         <input_file_ref idref="fl-25"/>
      </object_component>
      <object_component id="oc-9e2">
         <name>.text:TimerCC32XX_hwiIntFunction</name>
         <load_address>0x1006100</load_address>
         <run_address>0x1006100</run_address>
         <size>0x38</size>
         <input_file_ref idref="fl-15"/>
      </object_component>
      <object_component id="oc-dc">
         <name>.text:addToList</name>
         <load_address>0x1006138</load_address>
         <run_address>0x1006138</run_address>
         <size>0x38</size>
         <input_file_ref idref="fl-1b"/>
      </object_component>
      <object_component id="oc-5a">
         <name>.text:initVectors</name>
         <load_address>0x1006170</load_address>
         <run_address>0x1006170</run_address>
         <size>0x38</size>
         <input_file_ref idref="fl-1e"/>
      </object_component>
      <object_component id="oc-6f3">
         <name>.text:notify</name>
         <load_address>0x10061a8</load_address>
         <run_address>0x10061a8</run_address>
         <size>0x38</size>
         <input_file_ref idref="fl-13"/>
      </object_component>
      <object_component id="oc-6cf">
         <name>.text</name>
         <load_address>0x10061e0</load_address>
         <run_address>0x10061e0</run_address>
         <size>0x38</size>
         <input_file_ref idref="fl-e1"/>
      </object_component>
      <object_component id="oc-6c5">
         <name>.text</name>
         <load_address>0x1006218</load_address>
         <run_address>0x1006218</run_address>
         <size>0x38</size>
         <input_file_ref idref="fl-e2"/>
      </object_component>
      <object_component id="oc-aa1">
         <name>.text:TimerControlStall</name>
         <load_address>0x1006250</load_address>
         <run_address>0x1006250</run_address>
         <size>0x36</size>
         <input_file_ref idref="fl-26"/>
      </object_component>
      <object_component id="oc-776">
         <name>.text:UARTCC32XX_readCancel</name>
         <load_address>0x1006286</load_address>
         <run_address>0x1006286</run_address>
         <size>0x36</size>
         <input_file_ref idref="fl-16"/>
      </object_component>
      <object_component id="oc-552">
         <name>.text:ClockP_getTicksUntilInterrupt</name>
         <load_address>0x10062bc</load_address>
         <run_address>0x10062bc</run_address>
         <size>0x34</size>
         <input_file_ref idref="fl-1b"/>
      </object_component>
      <object_component id="oc-6e4">
         <name>.text:ClockP_startup</name>
         <load_address>0x10062f0</load_address>
         <run_address>0x10062f0</run_address>
         <size>0x34</size>
         <input_file_ref idref="fl-1b"/>
      </object_component>
      <object_component id="oc-2a5">
         <name>.text:PinModeGet</name>
         <load_address>0x1006324</load_address>
         <run_address>0x1006324</run_address>
         <size>0x34</size>
         <input_file_ref idref="fl-24"/>
      </object_component>
      <object_component id="oc-907">
         <name>.text:PowerCC32XX_restoreParkState</name>
         <load_address>0x1006358</load_address>
         <run_address>0x1006358</run_address>
         <size>0x34</size>
         <input_file_ref idref="fl-13"/>
      </object_component>
      <object_component id="oc-9c0">
         <name>.text:TimerCC32XX_freeTimerResource</name>
         <load_address>0x100638c</load_address>
         <run_address>0x100638c</run_address>
         <size>0x34</size>
         <input_file_ref idref="fl-15"/>
      </object_component>
      <object_component id="oc-a95">
         <name>.text:getPowerMgrId</name>
         <load_address>0x10063c0</load_address>
         <run_address>0x10063c0</run_address>
         <size>0x34</size>
         <input_file_ref idref="fl-15"/>
      </object_component>
      <object_component id="oc-41f">
         <name>.text:ClockP_start</name>
         <load_address>0x10063f4</load_address>
         <run_address>0x10063f4</run_address>
         <size>0x30</size>
         <input_file_ref idref="fl-1b"/>
      </object_component>
      <object_component id="oc-8d3">
         <name>.text:PowerCC32XX_restoreParkedPin</name>
         <load_address>0x1006424</load_address>
         <run_address>0x1006424</run_address>
         <size>0x30</size>
         <input_file_ref idref="fl-13"/>
      </object_component>
      <object_component id="oc-4a8">
         <name>.text:_outs</name>
         <load_address>0x1006454</load_address>
         <run_address>0x1006454</run_address>
         <size>0x30</size>
         <input_file_ref idref="fl-df"/>
      </object_component>
      <object_component id="oc-213">
         <name>.text:initTaskScheduler</name>
         <load_address>0x1006484</load_address>
         <run_address>0x1006484</run_address>
         <size>0x30</size>
         <input_file_ref idref="fl-2"/>
      </object_component>
      <object_component id="oc-7b9">
         <name>.text</name>
         <load_address>0x10064b4</load_address>
         <run_address>0x10064b4</run_address>
         <size>0x2e</size>
         <input_file_ref idref="fl-f2"/>
      </object_component>
      <object_component id="oc-928">
         <name>.text:PowerCC32XX_getParkState</name>
         <load_address>0x10064e4</load_address>
         <run_address>0x10064e4</run_address>
         <size>0x2c</size>
         <input_file_ref idref="fl-13"/>
      </object_component>
      <object_component id="oc-310">
         <name>.text:HwiP_create</name>
         <load_address>0x1006510</load_address>
         <run_address>0x1006510</run_address>
         <size>0x2a</size>
         <input_file_ref idref="fl-1c"/>
      </object_component>
      <object_component id="oc-9ef">
         <name>.text:TimerLoadSet</name>
         <load_address>0x100653a</load_address>
         <run_address>0x100653a</run_address>
         <size>0x2a</size>
         <input_file_ref idref="fl-26"/>
      </object_component>
      <object_component id="oc-9e9">
         <name>.text:TimerPrescaleSet</name>
         <load_address>0x1006564</load_address>
         <run_address>0x1006564</run_address>
         <size>0x2a</size>
         <input_file_ref idref="fl-26"/>
      </object_component>
      <object_component id="oc-676">
         <name>.text:I2CFIFODataPutNonBlocking</name>
         <load_address>0x100658e</load_address>
         <run_address>0x100658e</run_address>
         <size>0x28</size>
         <input_file_ref idref="fl-22"/>
      </object_component>
      <object_component id="oc-29f">
         <name>.text:PRCMPeripheralClkDisable</name>
         <load_address>0x10065b8</load_address>
         <run_address>0x10065b8</run_address>
         <size>0x28</size>
         <input_file_ref idref="fl-25"/>
      </object_component>
      <object_component id="oc-2de">
         <name>.text:Power_registerNotify</name>
         <load_address>0x10065e0</load_address>
         <run_address>0x10065e0</run_address>
         <size>0x28</size>
         <input_file_ref idref="fl-13"/>
      </object_component>
      <object_component id="oc-5b0">
         <name>.text:free_list_insert</name>
         <load_address>0x1006608</load_address>
         <run_address>0x1006608</run_address>
         <size>0x28</size>
         <input_file_ref idref="fl-e9"/>
      </object_component>
      <object_component id="oc-80f">
         <name>.text:I2CFIFODataGetNonBlocking</name>
         <load_address>0x1006630</load_address>
         <run_address>0x1006630</run_address>
         <size>0x26</size>
         <input_file_ref idref="fl-22"/>
      </object_component>
      <object_component id="oc-6a9">
         <name>.text:I2C_cancel</name>
         <load_address>0x1006656</load_address>
         <run_address>0x1006656</run_address>
         <size>0x26</size>
         <input_file_ref idref="fl-e"/>
      </object_component>
      <object_component id="oc-441">
         <name>.text:List_put</name>
         <load_address>0x100667c</load_address>
         <run_address>0x100667c</run_address>
         <size>0x26</size>
         <input_file_ref idref="fl-17"/>
      </object_component>
      <object_component id="oc-a28">
         <name>.text:List_remove</name>
         <load_address>0x10066a2</load_address>
         <run_address>0x10066a2</run_address>
         <size>0x26</size>
         <input_file_ref idref="fl-17"/>
      </object_component>
      <object_component id="oc-5d8">
         <name>.text:HwiP_dispatch</name>
         <load_address>0x10066c8</load_address>
         <run_address>0x10066c8</run_address>
         <size>0x24</size>
         <input_file_ref idref="fl-1c"/>
      </object_component>
      <object_component id="oc-922">
         <name>.text:PowerCC32XX_reset</name>
         <load_address>0x10066ec</load_address>
         <run_address>0x10066ec</run_address>
         <size>0x24</size>
         <input_file_ref idref="fl-13"/>
      </object_component>
      <object_component id="oc-c6">
         <name>.text:_c_int00_noargs:_c_int00_noargs</name>
         <load_address>0x1006710</load_address>
         <run_address>0x1006710</run_address>
         <size>0x24</size>
         <input_file_ref idref="fl-ea"/>
      </object_component>
      <object_component id="oc-817">
         <name>.text:I2CMasterSlaveAddrSet</name>
         <load_address>0x1006734</load_address>
         <run_address>0x1006734</run_address>
         <size>0x22</size>
         <input_file_ref idref="fl-22"/>
      </object_component>
      <object_component id="oc-a20">
         <name>.text:HwiP_destruct</name>
         <load_address>0x1006756</load_address>
         <run_address>0x1006756</run_address>
         <size>0x20</size>
         <input_file_ref idref="fl-1c"/>
      </object_component>
      <object_component id="oc-8fb">
         <name>.text:Power_unregisterNotify</name>
         <load_address>0x1006778</load_address>
         <run_address>0x1006778</run_address>
         <size>0x20</size>
         <input_file_ref idref="fl-13"/>
      </object_component>
      <object_component id="oc-90e">
         <name>.text:RingBuf_peek</name>
         <load_address>0x1006798</load_address>
         <run_address>0x1006798</run_address>
         <size>0x20</size>
         <input_file_ref idref="fl-18"/>
      </object_component>
      <object_component id="oc-91c">
         <name>.text:getPowerMgrId</name>
         <load_address>0x10067b8</load_address>
         <run_address>0x10067b8</run_address>
         <size>0x20</size>
         <input_file_ref idref="fl-16"/>
      </object_component>
      <object_component id="oc-652">
         <name>.text:I2CMasterIntStatusEx</name>
         <load_address>0x10067d8</load_address>
         <run_address>0x10067d8</run_address>
         <size>0x1e</size>
         <input_file_ref idref="fl-22"/>
      </object_component>
      <object_component id="oc-4d1">
         <name>.text:SemaphoreP_constructBinary</name>
         <load_address>0x10067f6</load_address>
         <run_address>0x10067f6</run_address>
         <size>0x1e</size>
         <input_file_ref idref="fl-1a"/>
      </object_component>
      <object_component id="oc-a03">
         <name>.text:TimerDisable</name>
         <load_address>0x1006814</load_address>
         <run_address>0x1006814</run_address>
         <size>0x1e</size>
         <input_file_ref idref="fl-26"/>
      </object_component>
      <object_component id="oc-9fc">
         <name>.text:TimerEnable</name>
         <load_address>0x1006832</load_address>
         <run_address>0x1006832</run_address>
         <size>0x1e</size>
         <input_file_ref idref="fl-26"/>
      </object_component>
      <object_component id="oc-8b0">
         <name>.text:PinToPadGet</name>
         <load_address>0x1006850</load_address>
         <run_address>0x1006850</run_address>
         <size>0x1c</size>
         <input_file_ref idref="fl-24"/>
      </object_component>
      <object_component id="oc-546">
         <name>.text:SwiP_disable</name>
         <load_address>0x100686c</load_address>
         <run_address>0x100686c</run_address>
         <size>0x1c</size>
         <input_file_ref idref="fl-1f"/>
      </object_component>
      <object_component id="oc-48">
         <name>.text:decompress:ZI:__TI_zero_init_nomemset:__TI_zero_init_nomemset</name>
         <load_address>0x1006888</load_address>
         <run_address>0x1006888</run_address>
         <size>0x1c</size>
         <input_file_ref idref="fl-e6"/>
      </object_component>
      <object_component id="oc-5aa">
         <name>.text:free_list_remove</name>
         <load_address>0x10068a4</load_address>
         <run_address>0x10068a4</run_address>
         <size>0x1c</size>
         <input_file_ref idref="fl-e9"/>
      </object_component>
      <object_component id="oc-622">
         <name>.text:memccpy</name>
         <load_address>0x10068c0</load_address>
         <run_address>0x10068c0</run_address>
         <size>0x1c</size>
         <input_file_ref idref="fl-fd"/>
      </object_component>
      <object_component id="oc-934">
         <name>.text:ClockP_create</name>
         <load_address>0x10068dc</load_address>
         <run_address>0x10068dc</run_address>
         <size>0x1a</size>
         <input_file_ref idref="fl-1b"/>
      </object_component>
      <object_component id="oc-2c0">
         <name>.text:SemaphoreP_createBinary</name>
         <load_address>0x10068f6</load_address>
         <run_address>0x10068f6</run_address>
         <size>0x1a</size>
         <input_file_ref idref="fl-1a"/>
      </object_component>
      <object_component id="oc-22">
         <name>.text:resetISR</name>
         <load_address>0x1006910</load_address>
         <run_address>0x1006910</run_address>
         <size>0x1a</size>
         <input_file_ref idref="fl-1e"/>
      </object_component>
      <object_component id="oc-84e">
         <name>.text:I2CMasterBusBusy</name>
         <load_address>0x100692a</load_address>
         <run_address>0x100692a</run_address>
         <size>0x18</size>
         <input_file_ref idref="fl-22"/>
      </object_component>
      <object_component id="oc-664">
         <name>.text:I2CMasterIntDisableEx</name>
         <load_address>0x1006942</load_address>
         <run_address>0x1006942</run_address>
         <size>0x18</size>
         <input_file_ref idref="fl-22"/>
      </object_component>
      <object_component id="oc-829">
         <name>.text:I2CMasterIntEnableEx</name>
         <load_address>0x100695a</load_address>
         <run_address>0x100695a</run_address>
         <size>0x18</size>
         <input_file_ref idref="fl-22"/>
      </object_component>
      <object_component id="oc-848">
         <name>.text:I2CRxFIFOFlush</name>
         <load_address>0x1006972</load_address>
         <run_address>0x1006972</run_address>
         <size>0x18</size>
         <input_file_ref idref="fl-22"/>
      </object_component>
      <object_component id="oc-842">
         <name>.text:I2CTxFIFOFlush</name>
         <load_address>0x100698a</load_address>
         <run_address>0x100698a</run_address>
         <size>0x18</size>
         <input_file_ref idref="fl-22"/>
      </object_component>
      <object_component id="oc-558">
         <name>.text:Power_getTransitionLatency</name>
         <load_address>0x10069a4</load_address>
         <run_address>0x10069a4</run_address>
         <size>0x18</size>
         <input_file_ref idref="fl-13"/>
      </object_component>
      <object_component id="oc-735">
         <name>.text:Power_idleFunc</name>
         <load_address>0x10069bc</load_address>
         <run_address>0x10069bc</run_address>
         <size>0x18</size>
         <input_file_ref idref="fl-13"/>
      </object_component>
      <object_component id="oc-86a">
         <name>.text:TimerCC32XX_getCount</name>
         <load_address>0x10069d4</load_address>
         <run_address>0x10069d4</run_address>
         <size>0x18</size>
         <input_file_ref idref="fl-15"/>
      </object_component>
      <object_component id="oc-a09">
         <name>.text:TimerIntDisable</name>
         <load_address>0x10069ec</load_address>
         <run_address>0x10069ec</run_address>
         <size>0x18</size>
         <input_file_ref idref="fl-26"/>
      </object_component>
      <object_component id="oc-9f6">
         <name>.text:TimerIntEnable</name>
         <load_address>0x1006a04</load_address>
         <run_address>0x1006a04</run_address>
         <size>0x18</size>
         <input_file_ref idref="fl-26"/>
      </object_component>
      <object_component id="oc-96b">
         <name>.text:UARTBusy</name>
         <load_address>0x1006a1c</load_address>
         <run_address>0x1006a1c</run_address>
         <size>0x18</size>
         <input_file_ref idref="fl-27"/>
      </object_component>
      <object_component id="oc-a7c">
         <name>.text:UARTIntEnable</name>
         <load_address>0x1006a34</load_address>
         <run_address>0x1006a34</run_address>
         <size>0x18</size>
         <input_file_ref idref="fl-27"/>
      </object_component>
      <object_component id="oc-33f">
         <name>.text:UART_Params_init</name>
         <load_address>0x1006a4c</load_address>
         <run_address>0x1006a4c</run_address>
         <size>0x18</size>
         <input_file_ref idref="fl-10"/>
      </object_component>
      <object_component id="oc-4ae">
         <name>.text:_outc</name>
         <load_address>0x1006a64</load_address>
         <run_address>0x1006a64</run_address>
         <size>0x18</size>
         <input_file_ref idref="fl-df"/>
      </object_component>
      <object_component id="oc-21f">
         <name>.text:gpioButtonFxn0</name>
         <load_address>0x1006a7c</load_address>
         <run_address>0x1006a7c</run_address>
         <size>0x18</size>
         <input_file_ref idref="fl-2"/>
      </object_component>
      <object_component id="oc-225">
         <name>.text:gpioButtonFxn1</name>
         <load_address>0x1006a94</load_address>
         <run_address>0x1006a94</run_address>
         <size>0x18</size>
         <input_file_ref idref="fl-2"/>
      </object_component>
      <object_component id="oc-575">
         <name>.text</name>
         <load_address>0x1006aac</load_address>
         <run_address>0x1006aac</run_address>
         <size>0x18</size>
         <input_file_ref idref="fl-e3"/>
      </object_component>
      <object_component id="oc-392">
         <name>.text:timerCallback</name>
         <load_address>0x1006ac4</load_address>
         <run_address>0x1006ac4</run_address>
         <size>0x18</size>
         <input_file_ref idref="fl-2"/>
      </object_component>
      <object_component id="oc-823">
         <name>.text:I2CMasterBurstLengthSet</name>
         <load_address>0x1006adc</load_address>
         <run_address>0x1006adc</run_address>
         <size>0x16</size>
         <input_file_ref idref="fl-22"/>
      </object_component>
      <object_component id="oc-28d">
         <name>.text:PRCMHIBRegRead</name>
         <load_address>0x1006af2</load_address>
         <run_address>0x1006af2</run_address>
         <size>0x16</size>
         <input_file_ref idref="fl-25"/>
      </object_component>
      <object_component id="oc-287">
         <name>.text:PRCMHIBRegWrite</name>
         <load_address>0x1006b08</load_address>
         <run_address>0x1006b08</run_address>
         <size>0x16</size>
         <input_file_ref idref="fl-25"/>
      </object_component>
      <object_component id="oc-407">
         <name>.text:SemaphoreP_create</name>
         <load_address>0x1006b1e</load_address>
         <run_address>0x1006b1e</run_address>
         <size>0x16</size>
         <input_file_ref idref="fl-1a"/>
      </object_component>
      <object_component id="oc-7ea">
         <name>.text:strchr</name>
         <load_address>0x1006b34</load_address>
         <run_address>0x1006b34</run_address>
         <size>0x16</size>
         <input_file_ref idref="fl-fe"/>
      </object_component>
      <object_component id="oc-a4">
         <name>.text:CPUcpsid</name>
         <load_address>0x1006b4a</load_address>
         <run_address>0x1006b4a</run_address>
         <size>0x14</size>
         <input_file_ref idref="fl-21"/>
      </object_component>
      <object_component id="oc-448">
         <name>.text:HwiP_inISR</name>
         <load_address>0x1006b60</load_address>
         <run_address>0x1006b60</run_address>
         <size>0x14</size>
         <input_file_ref idref="fl-1c"/>
      </object_component>
      <object_component id="oc-856">
         <name>.text:I2CSupport_masterFinish</name>
         <load_address>0x1006b74</load_address>
         <run_address>0x1006b74</run_address>
         <size>0x14</size>
         <input_file_ref idref="fl-12"/>
      </object_component>
      <object_component id="oc-36b">
         <name>.text:I2C_transfer</name>
         <load_address>0x1006b88</load_address>
         <run_address>0x1006b88</run_address>
         <size>0x14</size>
         <input_file_ref idref="fl-e"/>
      </object_component>
      <object_component id="oc-b0">
         <name>.text:IntVTableBaseSet</name>
         <load_address>0x1006b9c</load_address>
         <run_address>0x1006b9c</run_address>
         <size>0x14</size>
         <input_file_ref idref="fl-23"/>
      </object_component>
      <object_component id="oc-44e">
         <name>.text:Power_disablePolicy</name>
         <load_address>0x1006bb0</load_address>
         <run_address>0x1006bb0</run_address>
         <size>0x14</size>
         <input_file_ref idref="fl-13"/>
      </object_component>
      <object_component id="oc-8cc">
         <name>.text:Power_getDependencyCount</name>
         <load_address>0x1006bc4</load_address>
         <run_address>0x1006bc4</run_address>
         <size>0x14</size>
         <input_file_ref idref="fl-13"/>
      </object_component>
      <object_component id="oc-a76">
         <name>.text:releasePowerConstraint</name>
         <load_address>0x1006bd8</load_address>
         <run_address>0x1006bd8</run_address>
         <size>0x14</size>
         <input_file_ref idref="fl-16"/>
      </object_component>
      <object_component id="oc-5f3">
         <name>.text:strlen</name>
         <load_address>0x1006bec</load_address>
         <run_address>0x1006bec</run_address>
         <size>0x14</size>
         <input_file_ref idref="fl-ff"/>
      </object_component>
      <object_component id="oc-30a">
         <name>.text:HwiP_Params_init</name>
         <load_address>0x1006c00</load_address>
         <run_address>0x1006c00</run_address>
         <size>0x12</size>
         <input_file_ref idref="fl-1c"/>
      </object_component>
      <object_component id="oc-658">
         <name>.text:I2CMasterIntClearEx</name>
         <load_address>0x1006c12</load_address>
         <run_address>0x1006c12</run_address>
         <size>0x12</size>
         <input_file_ref idref="fl-22"/>
      </object_component>
      <object_component id="oc-916">
         <name>.text:RingBuf_construct</name>
         <load_address>0x1006c24</load_address>
         <run_address>0x1006c24</run_address>
         <size>0x12</size>
         <input_file_ref idref="fl-18"/>
      </object_component>
      <object_component id="oc-aa9">
         <name>.text:TimerIntClear</name>
[...]
         <value>0x1006cdd</value>
         <object_component_ref idref="oc-2cc"/>
      </symbol>
      <symbol id="sm-b5a">
         <name>HwiP_disableInterrupt</name>
         <value>0x1006d69</value>
         <object_component_ref idref="oc-697"/>
      </symbol>
      <symbol id="sm-b8a">
         <name>PowerCC32XX_initPolicy</name>
         <value>0x1002b3b</value>
         <object_component_ref idref="oc-3f0"/>
      </symbol>
      <symbol id="sm-b8b">
         <name>PowerCC32XX_sleepPolicy</name>
         <value>0x1002365</value>
         <object_component_ref idref="oc-3f6"/>
      </symbol>
      <symbol id="sm-be0">
         <name>resetISR</name>
         <value>0x1006911</value>
         <object_component_ref idref="oc-22"/>
      </symbol>
      <symbol id="sm-be1">
         <name>resetVectorAddr</name>
         <value>0x1006924</value>
         <object_component_ref idref="oc-22"/>
      </symbol>
      <symbol id="sm-be2">
         <name>initVectors</name>
         <value>0x1006171</value>
         <object_component_ref idref="oc-5a"/>
      </symbol>
      <symbol id="sm-be3">
         <name>resetVectors</name>
         <value>0x1000800</value>
         <object_component_ref idref="oc-28"/>
      </symbol>
      <symbol id="sm-c13">
         <name>SwiP_disable</name>
         <value>0x100686d</value>
         <object_component_ref idref="oc-546"/>
      </symbol>
      <symbol id="sm-c14">
         <name>SwiP_restore</name>
         <value>0x1005c49</value>
         <object_component_ref idref="oc-580"/>
      </symbol>
      <symbol id="sm-c1f">
         <name>CPUcpsid</name>
         <value>0x1006b4b</value>
         <object_component_ref idref="oc-a4"/>
      </symbol>
      <symbol id="sm-c8c">
         <name>I2CRxFIFOFlush</name>
         <value>0x1006973</value>
         <object_component_ref idref="oc-848"/>
      </symbol>
      <symbol id="sm-c8d">
         <name>I2CTxFIFOFlush</name>
         <value>0x100698b</value>
         <object_component_ref idref="oc-842"/>
      </symbol>
      <symbol id="sm-c8e">
         <name>I2CFIFODataPutNonBlocking</name>
         <value>0x100658f</value>
         <object_component_ref idref="oc-676"/>
      </symbol>
      <symbol id="sm-c8f">
         <name>I2CMasterBusBusy</name>
         <value>0x100692b</value>
         <object_component_ref idref="oc-84e"/>
      </symbol>
      <symbol id="sm-c90">
         <name>I2CMasterIntDisableEx</name>
         <value>0x1006943</value>
         <object_component_ref idref="oc-664"/>
      </symbol>
      <symbol id="sm-c91">
         <name>I2CMasterBurstLengthSet</name>
         <value>0x1006add</value>
         <object_component_ref idref="oc-823"/>
      </symbol>
      <symbol id="sm-c92">
         <name>I2CMasterIntClearEx</name>
         <value>0x1006c13</value>
         <object_component_ref idref="oc-658"/>
      </symbol>
      <symbol id="sm-c93">
         <name>I2CMasterSlaveAddrSet</name>
         <value>0x1006735</value>
         <object_component_ref idref="oc-817"/>
      </symbol>
      <symbol id="sm-c94">
         <name>I2CMasterIntEnableEx</name>
         <value>0x100695b</value>
         <object_component_ref idref="oc-829"/>
      </symbol>
      <symbol id="sm-c95">
         <name>I2CFIFOStatus</name>
         <value>0x1006ced</value>
         <object_component_ref idref="oc-67c"/>
      </symbol>
      <symbol id="sm-c96">
         <name>I2CMasterIntStatusEx</name>
         <value>0x10067d9</value>
         <object_component_ref idref="oc-652"/>
      </symbol>
      <symbol id="sm-c97">
         <name>I2CFIFODataGetNonBlocking</name>
         <value>0x1006631</value>
         <object_component_ref idref="oc-80f"/>
      </symbol>
      <symbol id="sm-cdc">
         <name>IntVTableBaseSet</name>
         <value>0x1006b9d</value>
         <object_component_ref idref="oc-b0"/>
      </symbol>
      <symbol id="sm-cdd">
         <name>IntEnable</name>
         <value>0x1003e6d</value>
         <object_component_ref idref="oc-b6"/>
      </symbol>
      <symbol id="sm-cde">
         <name>IntMasterDisable</name>
         <value>0x1006e0d</value>
         <object_component_ref idref="oc-54"/>
      </symbol>
      <symbol id="sm-cdf">
         <name>IntPendSet</name>
         <value>0x10045b9</value>
         <object_component_ref idref="oc-8e2"/>
      </symbol>
      <symbol id="sm-d19">
         <name>PinModeGet</name>
         <value>0x1006325</value>
         <object_component_ref idref="oc-2a5"/>
      </symbol>
      <symbol id="sm-d1a">
         <name>PinConfigSet</name>
         <value>0x1004641</value>
         <object_component_ref idref="oc-2fe"/>
      </symbol>
      <symbol id="sm-d1b">
         <name>PinModeSet</name>
         <value>0x1005e21</value>
         <object_component_ref idref="oc-2ab"/>
      </symbol>
      <symbol id="sm-d1c">
         <name>PinToPadGet</name>
         <value>0x1006851</value>
         <object_component_ref idref="oc-8b0"/>
      </symbol>
      <symbol id="sm-de5">
         <name>PRCMLPDSRestoreInfoSet</name>
         <value>0x1005b7d</value>
         <object_component_ref idref="oc-8c4"/>
      </symbol>
      <symbol id="sm-de6">
         <name>PRCMPeripheralReset</name>
         <value>0x100533d</value>
         <object_component_ref idref="oc-299"/>
      </symbol>
      <symbol id="sm-de7">
         <name>PRCMLPDSEnter</name>
         <value>0x100598d</value>
         <object_component_ref idref="oc-71c"/>
      </symbol>
      <symbol id="sm-de8">
         <name>PRCMPeripheralClkEnable</name>
         <value>0x10059d5</value>
         <object_component_ref idref="oc-293"/>
      </symbol>
      <symbol id="sm-de9">
         <name>PRCMLPDSEnterKeepDebugIf</name>
         <value>0x10060c9</value>
         <object_component_ref idref="oc-722"/>
      </symbol>
      <symbol id="sm-dea">
         <name>PRCMCC3200MCUInit</name>
         <value>0x1001291</value>
         <object_component_ref idref="oc-1cf"/>
      </symbol>
      <symbol id="sm-deb">
         <name>PRCMHIBRegWrite</name>
         <value>0x1006b09</value>
         <object_component_ref idref="oc-287"/>
      </symbol>
      <symbol id="sm-dec">
         <name>PRCMSysResetCauseGet</name>
         <value>0x1005111</value>
         <object_component_ref idref="oc-280"/>
      </symbol>
      <symbol id="sm-ded">
         <name>PRCMPeripheralClkDisable</name>
         <value>0x10065b9</value>
         <object_component_ref idref="oc-29f"/>
      </symbol>
      <symbol id="sm-dee">
         <name>PRCMHIBRegRead</name>
         <value>0x1006af3</value>
         <object_component_ref idref="oc-28d"/>
      </symbol>
      <symbol id="sm-e36">
         <name>TimerLoadSet</name>
         <value>0x100653b</value>
         <object_component_ref idref="oc-9ef"/>
      </symbol>
      <symbol id="sm-e37">
         <name>TimerDisable</name>
         <value>0x1006815</value>
         <object_component_ref idref="oc-a03"/>
      </symbol>
      <symbol id="sm-e38">
         <name>TimerEnable</name>
         <value>0x1006833</value>
         <object_component_ref idref="oc-9fc"/>
      </symbol>
      <symbol id="sm-e39">
         <name>TimerIntDisable</name>
         <value>0x10069ed</value>
         <object_component_ref idref="oc-a09"/>
      </symbol>
      <symbol id="sm-e3a">
         <name>TimerPrescaleSet</name>
         <value>0x1006565</value>
         <object_component_ref idref="oc-9e9"/>
      </symbol>
      <symbol id="sm-e3b">
         <name>TimerControlStall</name>
         <value>0x1006251</value>
         <object_component_ref idref="oc-aa1"/>
      </symbol>
      <symbol id="sm-e3c">
         <name>TimerIntEnable</name>
         <value>0x1006a05</value>
         <object_component_ref idref="oc-9f6"/>
      </symbol>
      <symbol id="sm-e3d">
         <name>TimerIntClear</name>
         <value>0x1006c37</value>
         <object_component_ref idref="oc-aa9"/>
      </symbol>
      <symbol id="sm-e51">
         <name>UARTBusy</name>
         <value>0x1006a1d</value>
         <object_component_ref idref="oc-96b"/>
      </symbol>
      <symbol id="sm-e52">
         <name>UARTIntEnable</name>
         <value>0x1006a35</value>
         <object_component_ref idref="oc-a7c"/>
      </symbol>
      <symbol id="sm-e56">
         <name>UtilsDelay</name>
         <value>0x1006e67</value>
         <object_component_ref idref="oc-286"/>
      </symbol>
      <symbol id="sm-e66">
         <name>FlashDisable</name>
         <value>0x1005945</value>
         <object_component_ref idref="oc-8da"/>
      </symbol>
      <symbol id="sm-e95">
         <name>snprintf</name>
         <value>0x10058f9</value>
         <object_component_ref idref="oc-34d"/>
      </symbol>
      <symbol id="sm-e9f">
         <name>__aeabi_fmul</name>
         <value>0x1004b5f</value>
         <object_component_ref idref="oc-6ca"/>
      </symbol>
      <symbol id="sm-ea9">
         <name>__aeabi_f2iz</name>
         <value>0x10061e1</value>
         <object_component_ref idref="oc-6cf"/>
      </symbol>
      <symbol id="sm-eb4">
         <name>__aeabi_i2f</name>
         <value>0x1006219</value>
         <object_component_ref idref="oc-6c5"/>
      </symbol>
      <symbol id="sm-ebd">
         <name>__aeabi_lmul</name>
         <value>0x1006aad</value>
         <object_component_ref idref="oc-575"/>
      </symbol>
      <symbol id="sm-ed8">
         <name>memcpy</name>
         <value>0x100423d</value>
         <object_component_ref idref="oc-3c"/>
      </symbol>
      <symbol id="sm-ed9">
         <name>__aeabi_memcpy</name>
         <value>0x100423d</value>
         <object_component_ref idref="oc-3c"/>
      </symbol>
      <symbol id="sm-eda">
         <name>__aeabi_memcpy8</name>
         <value>0x100423d</value>
         <object_component_ref idref="oc-3c"/>
      </symbol>
      <symbol id="sm-edb">
         <name>__aeabi_memcpy4</name>
         <value>0x100423d</value>
         <object_component_ref idref="oc-3c"/>
      </symbol>
      <symbol id="sm-ee8">
         <name>__aeabi_uldivmod</name>
         <value>0x1004371</value>
         <object_component_ref idref="oc-56a"/>
      </symbol>
      <symbol id="sm-efc">
         <name>__TI_zero_init_nomemset</name>
         <value>0x1006889</value>
         <object_component_ref idref="oc-48"/>
      </symbol>
      <symbol id="sm-f13">
         <name>__TI_decompress_none</name>
         <value>0x1006daf</value>
         <object_component_ref idref="oc-1b"/>
      </symbol>
      <symbol id="sm-f36">
         <name>__TI_decompress_lzss</name>
         <value>0x1004f79</value>
         <object_component_ref idref="oc-15"/>
      </symbol>
      <symbol id="sm-fbf">
         <name>_sys_memory</name>
         <value>0x20000310</value>
         <object_component_ref idref="oc-2b"/>
      </symbol>
      <symbol id="sm-fc0">
         <name>free</name>
         <value>0x10034d5</value>
         <object_component_ref idref="oc-412"/>
      </symbol>
      <symbol id="sm-fc1">
         <name>memalign</name>
         <value>0x10030e9</value>
         <object_component_ref idref="oc-5ce"/>
      </symbol>
      <symbol id="sm-fc2">
         <name>malloc</name>
         <value>0x1006e3d</value>
         <object_component_ref idref="oc-46d"/>
      </symbol>
      <symbol id="sm-fc3">
         <name>aligned_alloc</name>
         <value>0x10030e9</value>
         <object_component_ref idref="oc-5ce"/>
      </symbol>
      <symbol id="sm-fd5">
         <name>__stack</name>
         <value>0x2003f000</value>
         <object_component_ref idref="oc-2e"/>
      </symbol>
      <symbol id="sm-fd6">
         <name>_c_int00_noargs</name>
         <value>0x1006711</value>
         <object_component_ref idref="oc-c6"/>
      </symbol>
      <symbol id="sm-113b">
         <name>__TI_printfi</name>
         <value>0x1000841</value>
         <object_component_ref idref="oc-4a2"/>
      </symbol>
      <symbol id="sm-1145">
         <name>__aeabi_idiv0</name>
         <value>0x100568b</value>
         <object_component_ref idref="oc-6ed"/>
      </symbol>
      <symbol id="sm-1146">
         <name>__aeabi_ldiv0</name>
         <value>0x100568b</value>
         <object_component_ref idref="oc-6ed"/>
      </symbol>
      <symbol id="sm-115d">
         <name>__aeabi_dsub</name>
         <value>0x10021ad</value>
         <object_component_ref idref="oc-7be"/>
      </symbol>
      <symbol id="sm-115e">
         <name>__aeabi_dadd</name>
         <value>0x10021b7</value>
         <object_component_ref idref="oc-7be"/>
      </symbol>
      <symbol id="sm-1180">
         <name>__aeabi_cdcmpeq</name>
         <value>0x1004751</value>
         <object_component_ref idref="oc-605"/>
      </symbol>
      <symbol id="sm-1181">
         <name>__aeabi_cdcmple</name>
         <value>0x1004751</value>
         <object_component_ref idref="oc-605"/>
      </symbol>
      <symbol id="sm-1182">
         <name>__aeabi_cdrcmple</name>
         <value>0x10047d7</value>
         <object_component_ref idref="oc-7a9"/>
      </symbol>
      <symbol id="sm-1196">
         <name>__aeabi_ddiv</name>
         <value>0x1002a05</value>
         <object_component_ref idref="oc-7a4"/>
      </symbol>
      <symbol id="sm-11a1">
         <name>__aeabi_dmul</name>
         <value>0x10032e5</value>
         <object_component_ref idref="oc-79f"/>
      </symbol>
      <symbol id="sm-11ab">
         <name>__aeabi_d2iz</name>
         <value>0x1005a65</value>
         <object_component_ref idref="oc-7ae"/>
      </symbol>
      <symbol id="sm-11b5">
         <name>__aeabi_i2d</name>
         <value>0x10064b5</value>
         <object_component_ref idref="oc-7b9"/>
      </symbol>
      <symbol id="sm-11c4">
         <name>__aeabi_memset</name>
         <value>0x1004bdb</value>
         <object_component_ref idref="oc-9e"/>
      </symbol>
      <symbol id="sm-11c5">
         <name>memset</name>
         <value>0x1004be1</value>
         <object_component_ref idref="oc-9e"/>
      </symbol>
      <symbol id="sm-11c6">
         <name>__aeabi_memset8</name>
         <value>0x1004bdb</value>
         <object_component_ref idref="oc-9e"/>
      </symbol>
      <symbol id="sm-11c7">
         <name>__aeabi_memset4</name>
         <value>0x1004bdb</value>
         <object_component_ref idref="oc-9e"/>
      </symbol>
      <symbol id="sm-11c8">
         <name>__aeabi_memclr8</name>
         <value>0x1004bd9</value>
         <object_component_ref idref="oc-9e"/>
      </symbol>
      <symbol id="sm-11c9">
         <name>__aeabi_memclr4</name>
         <value>0x1004bd9</value>
         <object_component_ref idref="oc-9e"/>
      </symbol>
      <symbol id="sm-11ca">
         <name>__aeabi_memclr</name>
         <value>0x1004bd9</value>
         <object_component_ref idref="oc-9e"/>
      </symbol>
      <symbol id="sm-11f2">
         <name>__TI_auto_init_nobinit_nopinit</name>
         <value>0x1005d15</value>
         <object_component_ref idref="oc-173"/>
      </symbol>
      <symbol id="sm-11fc">
         <name>_system_pre_init</name>
         <value>0x1006e79</value>
         <object_component_ref idref="oc-115"/>
      </symbol>
      <symbol id="sm-1208">
         <name>C$$EXIT</name>
         <value>0x1006e7d</value>
         <object_component_ref idref="oc-167"/>
      </symbol>
      <symbol id="sm-1209">
         <name>abort</name>
         <value>0x1006e7d</value>
         <object_component_ref idref="oc-167"/>
      </symbol>
      <symbol id="sm-121e">
         <name>_nop</name>
         <value>0x1003753</value>
         <object_component_ref idref="oc-3b8"/>
      </symbol>
      <symbol id="sm-121f">
         <name>_lock</name>
         <value>0x200088c8</value>
         <object_component_ref idref="oc-233"/>
      </symbol>
      <symbol id="sm-1220">
         <name>_unlock</name>
         <value>0x200088cc</value>
         <object_component_ref idref="oc-233"/>
      </symbol>
      <symbol id="sm-122f">
         <name>__TI_ltoa</name>
         <value>0x1005499</value>
         <object_component_ref idref="oc-7b3"/>
      </symbol>
      <symbol id="sm-1246">
         <name>atoi</name>
         <value>0x1005861</value>
         <object_component_ref idref="oc-5f9"/>
      </symbol>
      <symbol id="sm-1251">
         <name>_ctypes_</name>
         <value>0x1006e80</value>
         <object_component_ref idref="oc-798"/>
      </symbol>
      <symbol id="sm-1261">
         <name>memccpy</name>
         <value>0x10068c1</value>
         <object_component_ref idref="oc-622"/>
      </symbol>
      <symbol id="sm-1271">
         <name>strchr</name>
         <value>0x1006b35</value>
         <object_component_ref idref="oc-7ea"/>
      </symbol>
      <symbol id="sm-127f">
         <name>strlen</name>
         <value>0x1006bed</value>
         <object_component_ref idref="oc-5f3"/>
      </symbol>
      <symbol id="sm-1295">
         <name>__aeabi_errno_addr</name>
         <value>0x1006e35</value>
         <object_component_ref idref="oc-62e"/>
      </symbol>
      <symbol id="sm-1296">
         <name>errno</name>
         <value>0x200088f8</value>
         <object_component_ref idref="oc-7fa"/>
      </symbol>
      <symbol id="sm-12af">
         <name>wcslen</name>
         <value>0x1006c5b</value>
         <object_component_ref idref="oc-628"/>
      </symbol>
      <symbol id="sm-12cf">
         <name>frexpl</name>
         <value>0x100522d</value>
         <object_component_ref idref="oc-7de"/>
      </symbol>
      <symbol id="sm-12d0">
         <name>frexp</name>
         <value>0x100522d</value>
         <object_component_ref idref="oc-7de"/>
      </symbol>
      <symbol id="sm-12ee">
         <name>scalbn</name>
         <value>0x10035b9</value>
         <object_component_ref idref="oc-7e4"/>
      </symbol>
      <symbol id="sm-12ef">
         <name>scalbnl</name>
         <value>0x10035b9</value>
         <object_component_ref idref="oc-7e4"/>
      </symbol>
      <symbol id="sm-12f0">
         <name>ldexpl</name>
         <value>0x10035b9</value>
         <object_component_ref idref="oc-7e4"/>
      </symbol>
      <symbol id="sm-12f1">
         <name>ldexp</name>
         <value>0x10035b9</value>
         <object_component_ref idref="oc-7e4"/>
      </symbol>
      <symbol id="sm-12fb">
         <name>copysign</name>
         <value>0x1006dd5</value>
         <object_component_ref idref="oc-998"/>
      </symbol>
      <symbol id="sm-12fc">
         <name>copysignl</name>
         <value>0x1006dd5</value>
         <object_component_ref idref="oc-998"/>
      </symbol>
      <symbol id="sm-12fd">
         <name>__TI_static_base__</name>
         <value>0x10073a0</value>
      </symbol>
      <symbol id="sm-1300">
         <name>ITM_flush</name>
         <value>0x0</value>
      </symbol>
      <symbol id="sm-1301">
         <name>ITM_restore</name>
         <value>0x0</value>
      </symbol>
      <symbol id="sm-1302">
         <name>__mpu_init</name>
         <value>0x0</value>
      </symbol>
      <symbol id="sm-1303">
         <name>_system_post_cinit</name>
         <value>0x0</value>
      </symbol>
      <symbol id="sm-1304">
         <name>NoRTOS_start</name>
         <value>0x1006d77</value>
      </symbol>
   </symbol_table>
   <title>Link successful</title>
</link_info>
