<?xml version="1.0" encoding="ISO-8859-1" ?>
<link_info>
   <banner>TI ARM Linker PC v20.2.7.LTS</banner>
   <copyright>Copyright (c) 1996-2018 Texas Instruments Incorporated</copyright>
   <link_time>0x645efe46</link_time>
   <link_errors>0x0</link_errors>
   <output_file>pwmled2_CC3220SF_LAUNCHXL_nortos_ccs.out</output_file>
   <entry_point>
      <name>resetISR</name>
      <address>0x1002b21</address>
   </entry_point>
   <input_file_list>
      <input_file id="fl-2">
         <path>.\</path>
         <kind>object</kind>
         <file>main_nortos.obj</file>
         <name>main_nortos.obj</name>
      </input_file>
      <input_file id="fl-3">
         <path>.\</path>
         <kind>object</kind>
         <file>pwmled2.obj</file>
         <name>pwmled2.obj</name>
      </input_file>
      <input_file id="fl-4">
         <path>.\syscfg\</path>
         <kind>object</kind>
         <file>ti_drivers_config.obj</file>
         <name>ti_drivers_config.obj</name>
      </input_file>
      <input_file id="fl-d">
         <kind>object</kind>
         <file>&lt;internal&gt;</file>
         <name>&lt;internal&gt;</name>
      </input_file>
      <input_file id="fl-e">
         <path>C:\ti\simplelink_cc32xx_sdk_4_30_00_06\source\ti\drivers\lib\ccs\m4\</path>
         <kind>archive</kind>
         <file>drivers_cc32xx.a</file>
         <name>PWM.oem4</name>
      </input_file>
      <input_file id="fl-f">
         <path>C:\ti\simplelink_cc32xx_sdk_4_30_00_06\source\ti\drivers\lib\ccs\m4\</path>
         <kind>archive</kind>
         <file>drivers_cc32xx.a</file>
         <name>PowerCC32XX.oem4</name>
      </input_file>
      <input_file id="fl-10">
         <path>C:\ti\simplelink_cc32xx_sdk_4_30_00_06\source\ti\drivers\lib\ccs\m4\</path>
         <kind>archive</kind>
         <file>drivers_cc32xx.a</file>
         <name>PowerCC32XX_asm.oem4</name>
      </input_file>
      <input_file id="fl-11">
         <path>C:\ti\simplelink_cc32xx_sdk_4_30_00_06\source\ti\drivers\lib\ccs\m4\</path>
         <kind>archive</kind>
         <file>drivers_cc32xx.a</file>
         <name>PWMTimerCC32XX.oem4</name>
      </input_file>
      <input_file id="fl-12">
         <path>C:\ti\simplelink_cc32xx_sdk_4_30_00_06\source\ti\drivers\lib\ccs\m4\</path>
         <kind>archive</kind>
         <file>drivers_cc32xx.a</file>
         <name>TimerCC32XX.oem4</name>
      </input_file>
      <input_file id="fl-13">
         <path>C:\ti\simplelink_cc32xx_sdk_4_30_00_06\source\ti\drivers\lib\ccs\m4\</path>
         <kind>archive</kind>
         <file>drivers_cc32xx.a</file>
         <name>List.oem4</name>
      </input_file>
      <input_file id="fl-14">
         <path>C:\ti\simplelink_cc32xx_sdk_4_30_00_06\kernel\nortos\lib\ccs\m4\</path>
         <kind>archive</kind>
         <file>nortos_cc32xx.a</file>
         <name>posix_sleep.oem4</name>
      </input_file>
      <input_file id="fl-15">
         <path>C:\ti\simplelink_cc32xx_sdk_4_30_00_06\kernel\nortos\lib\ccs\m4\</path>
         <kind>archive</kind>
         <file>nortos_cc32xx.a</file>
         <name>NoRTOS.oem4</name>
      </input_file>
      <input_file id="fl-16">
         <path>C:\ti\simplelink_cc32xx_sdk_4_30_00_06\kernel\nortos\lib\ccs\m4\</path>
         <kind>archive</kind>
         <file>nortos_cc32xx.a</file>
         <name>SemaphoreP_nortos.oem4</name>
      </input_file>
      <input_file id="fl-17">
         <path>C:\ti\simplelink_cc32xx_sdk_4_30_00_06\kernel\nortos\lib\ccs\m4\</path>
         <kind>archive</kind>
         <file>nortos_cc32xx.a</file>
         <name>ClockPSysTick_nortos.oem4</name>
      </input_file>
      <input_file id="fl-18">
         <path>C:\ti\simplelink_cc32xx_sdk_4_30_00_06\kernel\nortos\lib\ccs\m4\</path>
         <kind>archive</kind>
         <file>nortos_cc32xx.a</file>
         <name>HwiPCC32XX_nortos.oem4</name>
      </input_file>
      <input_file id="fl-19">
         <path>C:\ti\simplelink_cc32xx_sdk_4_30_00_06\kernel\nortos\lib\ccs\m4\</path>
         <kind>archive</kind>
         <file>nortos_cc32xx.a</file>
         <name>PowerCC32XX_nortos.oem4</name>
      </input_file>
      <input_file id="fl-1a">
         <path>C:\ti\simplelink_cc32xx_sdk_4_30_00_06\kernel\nortos\lib\ccs\m4\</path>
         <kind>archive</kind>
         <file>nortos_cc32xx.a</file>
         <name>startup_cc32xx_ccs.oem4</name>
      </input_file>
      <input_file id="fl-1b">
         <path>C:\ti\simplelink_cc32xx_sdk_4_30_00_06\kernel\nortos\lib\ccs\m4\</path>
         <kind>archive</kind>
         <file>nortos_cc32xx.a</file>
         <name>SwiP_nortos.oem4</name>
      </input_file>
      <input_file id="fl-1c">
         <path>C:\ti\simplelink_cc32xx_sdk_4_30_00_06\kernel\nortos\lib\ccs\m4\</path>
         <kind>archive</kind>
         <file>nortos_cc32xx.a</file>
         <name>QueueP_nortos.oem4</name>
      </input_file>
      <input_file id="fl-1d">
         <path>C:\ti\simplelink_cc32xx_sdk_4_30_00_06\source\ti\devices\cc32xx\driverlib\ccs\Release\</path>
         <kind>archive</kind>
         <file>driverlib.a</file>
         <name>cpu.obj</name>
      </input_file>
      <input_file id="fl-1e">
         <path>C:\ti\simplelink_cc32xx_sdk_4_30_00_06\source\ti\devices\cc32xx\driverlib\ccs\Release\</path>
         <kind>archive</kind>
         <file>driverlib.a</file>
         <name>interrupt.obj</name>
      </input_file>
      <input_file id="fl-1f">
         <path>C:\ti\simplelink_cc32xx_sdk_4_30_00_06\source\ti\devices\cc32xx\driverlib\ccs\Release\</path>
         <kind>archive</kind>
         <file>driverlib.a</file>
         <name>pin.obj</name>
      </input_file>
      <input_file id="fl-20">
         <path>C:\ti\simplelink_cc32xx_sdk_4_30_00_06\source\ti\devices\cc32xx\driverlib\ccs\Release\</path>
         <kind>archive</kind>
         <file>driverlib.a</file>
         <name>prcm.obj</name>
      </input_file>
      <input_file id="fl-21">
         <path>C:\ti\simplelink_cc32xx_sdk_4_30_00_06\source\ti\devices\cc32xx\driverlib\ccs\Release\</path>
         <kind>archive</kind>
         <file>driverlib.a</file>
         <name>timer.obj</name>
      </input_file>
      <input_file id="fl-22">
         <path>C:\ti\simplelink_cc32xx_sdk_4_30_00_06\source\ti\devices\cc32xx\driverlib\ccs\Release\</path>
         <kind>archive</kind>
         <file>driverlib.a</file>
         <name>utils.obj</name>
      </input_file>
      <input_file id="fl-23">
         <path>C:\ti\simplelink_cc32xx_sdk_4_30_00_06\source\ti\devices\cc32xx\driverlib\ccs\Release\</path>
         <kind>archive</kind>
         <file>driverlib.a</file>
         <name>flash.obj</name>
      </input_file>
      <input_file id="fl-d9">
         <path>C:\ti\ccs1230\ccs\tools\compiler\ti-cgt-arm_20.2.7.LTS\lib\</path>
         <kind>archive</kind>
         <file>rtsv7M4_T_le_eabi.lib</file>
         <name>ll_mul_t2.asm.obj</name>
      </input_file>
      <input_file id="fl-da">
         <path>C:\ti\ccs1230\ccs\tools\compiler\ti-cgt-arm_20.2.7.LTS\lib\</path>
         <kind>archive</kind>
         <file>rtsv7M4_T_le_eabi.lib</file>
         <name>memcpy_t2.asm.obj</name>
      </input_file>
      <input_file id="fl-db">
         <path>C:\ti\ccs1230\ccs\tools\compiler\ti-cgt-arm_20.2.7.LTS\lib\</path>
         <kind>archive</kind>
         <file>rtsv7M4_T_le_eabi.lib</file>
         <name>ull_div_t2.asm.obj</name>
      </input_file>
      <input_file id="fl-dc">
         <path>C:\ti\ccs1230\ccs\tools\compiler\ti-cgt-arm_20.2.7.LTS\lib\</path>
         <kind>archive</kind>
         <file>rtsv7M4_T_le_eabi.lib</file>
         <name>copy_zero_init.c.obj</name>
      </input_file>
      <input_file id="fl-dd">
         <path>C:\ti\ccs1230\ccs\tools\compiler\ti-cgt-arm_20.2.7.LTS\lib\</path>
         <kind>archive</kind>
         <file>rtsv7M4_T_le_eabi.lib</file>
         <name>copy_decompress_none.c.obj</name>
      </input_file>
      <input_file id="fl-de">
         <path>C:\ti\ccs1230\ccs\tools\compiler\ti-cgt-arm_20.2.7.LTS\lib\</path>
         <kind>archive</kind>
         <file>rtsv7M4_T_le_eabi.lib</file>
         <name>copy_decompress_lzss.c.obj</name>
      </input_file>
      <input_file id="fl-df">
         <path>C:\ti\ccs1230\ccs\tools\compiler\ti-cgt-arm_20.2.7.LTS\lib\</path>
         <kind>archive</kind>
         <file>rtsv7M4_T_le_eabi.lib</file>
         <name>memory.c.obj</name>
      </input_file>
      <input_file id="fl-e0">
         <path>C:\ti\ccs1230\ccs\tools\compiler\ti-cgt-arm_20.2.7.LTS\lib\</path>
         <kind>archive</kind>
         <file>rtsv7M4_T_le_eabi.lib</file>
         <name>boot_cortex_m.c.obj</name>
      </input_file>
      <input_file id="fl-e1">
         <path>C:\ti\ccs1230\ccs\tools\compiler\ti-cgt-arm_20.2.7.LTS\lib\</path>
         <kind>archive</kind>
         <file>rtsv7M4_T_le_eabi.lib</file>
         <name>div0.asm.obj</name>
      </input_file>
      <input_file id="fl-e2">
         <path>C:\ti\ccs1230\ccs\tools\compiler\ti-cgt-arm_20.2.7.LTS\lib\</path>
         <kind>archive</kind>
         <file>rtsv7M4_T_le_eabi.lib</file>
         <name>memset_t2.asm.obj</name>
      </input_file>
      <input_file id="fl-e3">
         <path>C:\ti\ccs1230\ccs\tools\compiler\ti-cgt-arm_20.2.7.LTS\lib\</path>
         <kind>archive</kind>
         <file>rtsv7M4_T_le_eabi.lib</file>
         <name>autoinit.c.obj</name>
      </input_file>
      <input_file id="fl-e4">
         <path>C:\ti\ccs1230\ccs\tools\compiler\ti-cgt-arm_20.2.7.LTS\lib\</path>
         <kind>archive</kind>
         <file>rtsv7M4_T_le_eabi.lib</file>
         <name>pre_init.c.obj</name>
      </input_file>
      <input_file id="fl-e5">
         <path>C:\ti\ccs1230\ccs\tools\compiler\ti-cgt-arm_20.2.7.LTS\lib\</path>
         <kind>archive</kind>
         <file>rtsv7M4_T_le_eabi.lib</file>
         <name>cpy_tbl.c.obj</name>
      </input_file>
      <input_file id="fl-e6">
         <path>C:\ti\ccs1230\ccs\tools\compiler\ti-cgt-arm_20.2.7.LTS\lib\</path>
         <kind>archive</kind>
         <file>rtsv7M4_T_le_eabi.lib</file>
         <name>exit.c.obj</name>
      </input_file>
      <input_file id="fl-e7">
         <path>C:\ti\ccs1230\ccs\tools\compiler\ti-cgt-arm_20.2.7.LTS\lib\</path>
         <kind>archive</kind>
         <file>rtsv7M4_T_le_eabi.lib</file>
         <name>_lock.c.obj</name>
      </input_file>
      <input_file id="fl-e8">
         <path>C:\ti\ccs1230\ccs\tools\compiler\ti-cgt-arm_20.2.7.LTS\lib\</path>
         <kind>archive</kind>
         <file>rtsv7M4_T_le_eabi.lib</file>
         <name>args_main.c.obj</name>
      </input_file>
   </input_file_list>
   <object_component_list>
      <object_component id="oc-1aa">
         <name>.text:PRCMCC3200MCUInit</name>
         <load_address>0x1000840</load_address>
         <run_address>0x1000840</run_address>
         <size>0x42c</size>
         <input_file_ref idref="fl-20"/>
      </object_component>
      <object_component id="oc-2ec">
         <name>.text:PowerCC32XX_sleepPolicy</name>
         <load_address>0x1000c6c</load_address>
         <run_address>0x1000c6c</run_address>
         <size>0x19c</size>
         <input_file_ref idref="fl-19"/>
      </object_component>
      <object_component id="oc-430">
         <name>.text:parkPins</name>
         <load_address>0x1000e08</load_address>
         <run_address>0x1000e08</run_address>
         <size>0x148</size>
         <input_file_ref idref="fl-f"/>
      </object_component>
      <object_component id="oc-3c7">
         <name>.text:PWMTimerCC32XX_setDutyAndPeriod</name>
         <load_address>0x1000f50</load_address>
         <run_address>0x1000f50</run_address>
         <size>0x140</size>
         <input_file_ref idref="fl-11"/>
      </object_component>
      <object_component id="oc-382">
         <name>.text:Power_sleep</name>
         <load_address>0x1001090</load_address>
         <run_address>0x1001090</run_address>
         <size>0x138</size>
         <input_file_ref idref="fl-f"/>
      </object_component>
      <object_component id="oc-3b5">
         <name>.text:PWMTimerCC32XX_open</name>
         <load_address>0x10011c8</load_address>
         <run_address>0x10011c8</run_address>
         <size>0xf0</size>
         <input_file_ref idref="fl-11"/>
      </object_component>
      <object_component id="oc-3d3">
         <name>.text:PWMTimerCC32XX_stop</name>
         <load_address>0x10012b8</load_address>
         <run_address>0x10012b8</run_address>
         <size>0xc4</size>
         <input_file_ref idref="fl-11"/>
      </object_component>
      <object_component id="oc-44d">
         <name>.text:restoreParkedPins</name>
         <load_address>0x100137c</load_address>
         <run_address>0x100137c</run_address>
         <size>0xc0</size>
         <input_file_ref idref="fl-f"/>
      </object_component>
      <object_component id="oc-3bb">
         <name>.text:PWMTimerCC32XX_setDuty</name>
         <load_address>0x100143c</load_address>
         <run_address>0x100143c</run_address>
         <size>0xb8</size>
         <input_file_ref idref="fl-11"/>
      </object_component>
      <object_component id="oc-b6">
         <name>.text:IntEnable</name>
         <load_address>0x10014f4</load_address>
         <run_address>0x10014f4</run_address>
         <size>0xa8</size>
         <input_file_ref idref="fl-1e"/>
      </object_component>
      <object_component id="oc-262">
         <name>.text:PowerCC32XX_configureWakeup</name>
         <load_address>0x100159c</load_address>
         <run_address>0x100159c</run_address>
         <size>0xa8</size>
         <input_file_ref idref="fl-f"/>
      </object_component>
      <object_component id="oc-4a5">
         <name>.text:initHw</name>
         <load_address>0x1001644</load_address>
         <run_address>0x1001644</run_address>
         <size>0xa4</size>
         <input_file_ref idref="fl-11"/>
      </object_component>
      <object_component id="oc-31f">
         <name>.text:SemaphoreP_pend</name>
         <load_address>0x10016e8</load_address>
         <run_address>0x10016e8</run_address>
         <size>0xa0</size>
         <input_file_ref idref="fl-16"/>
      </object_component>
      <object_component id="oc-15f">
         <name>.text:mainThread</name>
         <load_address>0x1001788</load_address>
         <run_address>0x1001788</run_address>
         <size>0xa0</size>
         <input_file_ref idref="fl-3"/>
      </object_component>
      <object_component id="oc-3c">
         <name>.text</name>
         <load_address>0x1001828</load_address>
         <run_address>0x1001828</run_address>
         <size>0x9c</size>
         <input_file_ref idref="fl-da"/>
      </object_component>
      <object_component id="oc-3c1">
         <name>.text:PWMTimerCC32XX_setPeriod</name>
         <load_address>0x10018c4</load_address>
         <run_address>0x10018c4</run_address>
         <size>0x98</size>
         <input_file_ref idref="fl-11"/>
      </object_component>
      <object_component id="oc-37d">
         <name>.text</name>
         <load_address>0x100195c</load_address>
         <run_address>0x100195c</run_address>
         <size>0x96</size>
         <input_file_ref idref="fl-db"/>
      </object_component>
      <object_component id="oc-1b6">
         <name>.text:Board_initHook</name>
         <load_address>0x10019f2</load_address>
         <run_address>0x10019f2</run_address>
         <size>0x2</size>
         <input_file_ref idref="fl-4"/>
      </object_component>
      <object_component id="oc-441">
         <name>.text:restoreNVICRegs</name>
         <load_address>0x10019f4</load_address>
         <run_address>0x10019f4</run_address>
         <size>0x90</size>
         <input_file_ref idref="fl-f"/>
      </object_component>
      <object_component id="oc-530">
         <name>.text:IntPendSet</name>
         <load_address>0x1001a84</load_address>
         <run_address>0x1001a84</run_address>
         <size>0x88</size>
         <input_file_ref idref="fl-1e"/>
      </object_component>
      <object_component id="oc-3a3">
         <name>.text:PWMTimerCC32XX_close</name>
         <load_address>0x1001b0c</load_address>
         <run_address>0x1001b0c</run_address>
         <size>0x88</size>
         <input_file_ref idref="fl-11"/>
      </object_component>
      <object_component id="oc-576">
         <name>.text:PinConfigSet</name>
         <load_address>0x1001b94</load_address>
         <run_address>0x1001b94</run_address>
         <size>0x88</size>
         <input_file_ref idref="fl-1f"/>
      </object_component>
      <object_component id="oc-1b0">
         <name>.text:Power_init</name>
         <load_address>0x1001c1c</load_address>
         <run_address>0x1001c1c</run_address>
         <size>0x84</size>
         <input_file_ref idref="fl-f"/>
      </object_component>
      <object_component id="oc-436">
         <name>.text:saveNVICRegs</name>
         <load_address>0x1001ca0</load_address>
         <run_address>0x1001ca0</run_address>
         <size>0x84</size>
         <input_file_ref idref="fl-f"/>
      </object_component>
      <object_component id="oc-499">
         <name>.text:Power_setDependency</name>
         <load_address>0x1001d24</load_address>
         <run_address>0x1001d24</run_address>
         <size>0x80</size>
         <input_file_ref idref="fl-f"/>
      </object_component>
      <object_component id="oc-3cd">
         <name>.text:PWMTimerCC32XX_start</name>
         <load_address>0x1001da4</load_address>
         <run_address>0x1001da4</run_address>
         <size>0x68</size>
         <input_file_ref idref="fl-11"/>
      </object_component>
      <object_component id="oc-15">
         <name>.text:decompress:lzss:__TI_decompress_lzss</name>
         <load_address>0x1001e0c</load_address>
         <run_address>0x1001e0c</run_address>
         <size>0x68</size>
         <input_file_ref idref="fl-de"/>
      </object_component>
      <object_component id="oc-4ab">
         <name>.text:PowerCC32XX_setParkState</name>
         <load_address>0x1001e74</load_address>
         <run_address>0x1001e74</run_address>
         <size>0x64</size>
         <input_file_ref idref="fl-f"/>
      </object_component>
      <object_component id="oc-230">
         <name>.text:PRCMSysResetCauseGet</name>
         <load_address>0x1001ed8</load_address>
         <run_address>0x1001ed8</run_address>
         <size>0x60</size>
         <input_file_ref idref="fl-20"/>
      </object_component>
      <object_component id="oc-293">
         <name>.text:getTimeUsec</name>
         <load_address>0x1001f38</load_address>
         <run_address>0x1001f38</run_address>
         <size>0x60</size>
         <input_file_ref idref="fl-17"/>
      </object_component>
      <object_component id="oc-309">
         <name>.text:sysTickInit</name>
         <load_address>0x1001f98</load_address>
         <run_address>0x1001f98</run_address>
         <size>0x5c</size>
         <input_file_ref idref="fl-17"/>
      </object_component>
      <object_component id="oc-249">
         <name>.text:PRCMPeripheralReset</name>
         <load_address>0x1001ff4</load_address>
         <run_address>0x1001ff4</run_address>
         <size>0x58</size>
         <input_file_ref idref="fl-20"/>
      </object_component>
      <object_component id="oc-478">
         <name>.text:Power_releaseDependency</name>
         <load_address>0x100204c</load_address>
         <run_address>0x100204c</run_address>
         <size>0x58</size>
         <input_file_ref idref="fl-f"/>
      </object_component>
      <object_component id="oc-50d">
         <name>.text:PowerCC32XX_resumeLPDS</name>
         <load_address>0x10020a4</load_address>
         <run_address>0x10020a4</run_address>
         <size>0x52</size>
         <input_file_ref idref="fl-10"/>
      </object_component>
      <object_component id="oc-3af">
         <name>.text:PWMTimerCC32XX_init</name>
         <load_address>0x10020f6</load_address>
         <run_address>0x10020f6</run_address>
         <size>0x2</size>
         <input_file_ref idref="fl-11"/>
      </object_component>
      <object_component id="oc-7a">
         <name>.text:ClockP_sysTickHandler</name>
         <load_address>0x10020f8</load_address>
         <run_address>0x10020f8</run_address>
         <size>0x50</size>
         <input_file_ref idref="fl-17"/>
      </object_component>
      <object_component id="oc-319">
         <name>.text:SemaphoreP_construct</name>
         <load_address>0x1002148</load_address>
         <run_address>0x1002148</run_address>
         <size>0x50</size>
         <input_file_ref idref="fl-16"/>
      </object_component>
      <object_component id="oc-493">
         <name>.text:TimerCC32XX_allocateTimerResource</name>
         <load_address>0x1002198</load_address>
         <run_address>0x1002198</run_address>
         <size>0x50</size>
         <input_file_ref idref="fl-12"/>
      </object_component>
      <object_component id="oc-504">
         <name>.text:PowerCC32XX_parkPin</name>
         <load_address>0x10021e8</load_address>
         <run_address>0x10021e8</run_address>
         <size>0x4c</size>
         <input_file_ref idref="fl-f"/>
      </object_component>
      <object_component id="oc-4b8">
         <name>.text:getDutyCounts</name>
         <load_address>0x1002234</load_address>
         <run_address>0x1002234</run_address>
         <size>0x4c</size>
         <input_file_ref idref="fl-11"/>
      </object_component>
      <object_component id="oc-4c2">
         <name>.text:getPeriodCounts</name>
         <load_address>0x1002280</load_address>
         <run_address>0x1002280</run_address>
         <size>0x4c</size>
         <input_file_ref idref="fl-11"/>
      </object_component>
      <object_component id="oc-447">
         <name>.text:restorePeriphClocks</name>
         <load_address>0x10022cc</load_address>
         <run_address>0x10022cc</run_address>
         <size>0x4c</size>
         <input_file_ref idref="fl-f"/>
      </object_component>
      <object_component id="oc-1dc">
         <name>.text:ClockP_usleep</name>
         <load_address>0x1002318</load_address>
         <run_address>0x1002318</run_address>
         <size>0x48</size>
         <input_file_ref idref="fl-17"/>
      </object_component>
      <object_component id="oc-528">
         <name>.text:FlashDisable</name>
         <load_address>0x1002360</load_address>
         <run_address>0x1002360</run_address>
         <size>0x48</size>
         <input_file_ref idref="fl-23"/>
      </object_component>
      <object_component id="oc-453">
         <name>.text:PRCMLPDSEnter</name>
         <load_address>0x10023a8</load_address>
         <run_address>0x10023a8</run_address>
         <size>0x48</size>
         <input_file_ref idref="fl-20"/>
      </object_component>
      <object_component id="oc-243">
         <name>.text:PRCMPeripheralClkEnable</name>
         <load_address>0x10023f0</load_address>
         <run_address>0x10023f0</run_address>
         <size>0x48</size>
         <input_file_ref idref="fl-20"/>
      </object_component>
      <object_component id="oc-4d1">
         <name>.text:Power_releaseConstraint</name>
         <load_address>0x1002438</load_address>
         <run_address>0x1002438</run_address>
         <size>0x48</size>
         <input_file_ref idref="fl-f"/>
      </object_component>
      <object_component id="oc-4e9">
         <name>.text:ClockP_stop</name>
         <load_address>0x1002480</load_address>
         <run_address>0x1002480</run_address>
         <size>0x44</size>
         <input_file_ref idref="fl-17"/>
      </object_component>
      <object_component id="oc-512">
         <name>.text:PRCMLPDSRestoreInfoSet</name>
         <load_address>0x10024c4</load_address>
         <run_address>0x10024c4</run_address>
         <size>0x44</size>
         <input_file_ref idref="fl-20"/>
      </object_component>
      <object_component id="oc-1be">
         <name>.text:PWM_init</name>
         <load_address>0x1002508</load_address>
         <run_address>0x1002508</run_address>
         <size>0x44</size>
         <input_file_ref idref="fl-e"/>
      </object_component>
      <object_component id="oc-43c">
         <name>.text:PowerCC32XX_enterLPDS</name>
         <load_address>0x100254c</load_address>
         <run_address>0x100254c</run_address>
         <size>0x44</size>
         <input_file_ref idref="fl-10"/>
      </object_component>
      <object_component id="oc-38e">
         <name>.text:SwiP_restore</name>
         <load_address>0x1002590</load_address>
         <run_address>0x1002590</run_address>
         <size>0x44</size>
         <input_file_ref idref="fl-1b"/>
      </object_component>
      <object_component id="oc-172">
         <name>.text:__TI_auto_init_nobinit_nopinit:__TI_auto_init_nobinit_nopinit</name>
         <load_address>0x10025d4</load_address>
         <run_address>0x10025d4</run_address>
         <size>0x44</size>
         <input_file_ref idref="fl-e3"/>
      </object_component>
      <object_component id="oc-1ca">
         <name>.text:PWM_open</name>
         <load_address>0x1002618</load_address>
         <run_address>0x1002618</run_address>
         <size>0x40</size>
         <input_file_ref idref="fl-e"/>
      </object_component>
      <object_component id="oc-25b">
         <name>.text:PinModeSet</name>
         <load_address>0x1002658</load_address>
         <run_address>0x1002658</run_address>
         <size>0x40</size>
         <input_file_ref idref="fl-1f"/>
      </object_component>
      <object_component id="oc-404">
         <name>.text:ClockP_destruct</name>
         <load_address>0x1002698</load_address>
         <run_address>0x1002698</run_address>
         <size>0x3c</size>
         <input_file_ref idref="fl-17"/>
      </object_component>
      <object_component id="oc-4ca">
         <name>.text:Power_setConstraint</name>
         <load_address>0x10026d4</load_address>
         <run_address>0x10026d4</run_address>
         <size>0x3c</size>
         <input_file_ref idref="fl-f"/>
      </object_component>
      <object_component id="oc-377">
         <name>.text:getCountsRTC</name>
         <load_address>0x1002710</load_address>
         <run_address>0x1002710</run_address>
         <size>0x3a</size>
         <input_file_ref idref="fl-19"/>
      </object_component>
      <object_component id="oc-472">
         <name>.text:getPowerMgrId</name>
         <load_address>0x100274a</load_address>
         <run_address>0x100274a</run_address>
         <size>0x3a</size>
         <input_file_ref idref="fl-11"/>
      </object_component>
      <object_component id="oc-459">
         <name>.text:PRCMLPDSEnterKeepDebugIf</name>
         <load_address>0x1002784</load_address>
         <run_address>0x1002784</run_address>
         <size>0x38</size>
         <input_file_ref idref="fl-20"/>
      </object_component>
      <object_component id="oc-dc">
         <name>.text:addToList</name>
         <load_address>0x10027bc</load_address>
         <run_address>0x10027bc</run_address>
         <size>0x38</size>
         <input_file_ref idref="fl-17"/>
      </object_component>
      <object_component id="oc-5a">
         <name>.text:initVectors</name>
         <load_address>0x10027f4</load_address>
         <run_address>0x10027f4</run_address>
         <size>0x38</size>
         <input_file_ref idref="fl-1a"/>
      </object_component>
      <object_component id="oc-42a">
         <name>.text:notify</name>
         <load_address>0x100282c</load_address>
         <run_address>0x100282c</run_address>
         <size>0x38</size>
         <input_file_ref idref="fl-f"/>
      </object_component>
      <object_component id="oc-365">
         <name>.text:ClockP_getTicksUntilInterrupt</name>
         <load_address>0x1002864</load_address>
         <run_address>0x1002864</run_address>
         <size>0x34</size>
         <input_file_ref idref="fl-17"/>
      </object_component>
      <object_component id="oc-28d">
         <name>.text:ClockP_startup</name>
         <load_address>0x1002898</load_address>
         <run_address>0x1002898</run_address>
         <size>0x34</size>
         <input_file_ref idref="fl-17"/>
      </object_component>
      <object_component id="oc-255">
         <name>.text:PinModeGet</name>
         <load_address>0x10028cc</load_address>
         <run_address>0x10028cc</run_address>
         <size>0x34</size>
         <input_file_ref idref="fl-1f"/>
      </object_component>
      <object_component id="oc-46c">
         <name>.text:TimerCC32XX_freeTimerResource</name>
         <load_address>0x1002900</load_address>
         <run_address>0x1002900</run_address>
         <size>0x34</size>
         <input_file_ref idref="fl-12"/>
      </object_component>
      <object_component id="oc-540">
         <name>.text:getPowerMgrId</name>
         <load_address>0x1002934</load_address>
         <run_address>0x1002934</run_address>
         <size>0x34</size>
         <input_file_ref idref="fl-12"/>
      </object_component>
      <object_component id="oc-3f2">
         <name>.text:ClockP_start</name>
         <load_address>0x1002968</load_address>
         <run_address>0x1002968</run_address>
         <size>0x30</size>
         <input_file_ref idref="fl-17"/>
      </object_component>
      <object_component id="oc-521">
         <name>.text:PowerCC32XX_restoreParkedPin</name>
         <load_address>0x1002998</load_address>
         <run_address>0x1002998</run_address>
         <size>0x30</size>
         <input_file_ref idref="fl-f"/>
      </object_component>
      <object_component id="oc-24f">
         <name>.text:PRCMPeripheralClkDisable</name>
         <load_address>0x10029c8</load_address>
         <run_address>0x10029c8</run_address>
         <size>0x28</size>
         <input_file_ref idref="fl-20"/>
      </object_component>
      <object_component id="oc-49f">
         <name>.text:Power_registerNotify</name>
         <load_address>0x10029f0</load_address>
         <run_address>0x10029f0</run_address>
         <size>0x28</size>
         <input_file_ref idref="fl-f"/>
      </object_component>
      <object_component id="oc-55b">
         <name>.text:List_put</name>
         <load_address>0x1002a18</load_address>
         <run_address>0x1002a18</run_address>
         <size>0x26</size>
         <input_file_ref idref="fl-13"/>
      </object_component>
      <object_component id="oc-54d">
         <name>.text:List_remove</name>
         <load_address>0x1002a3e</load_address>
         <run_address>0x1002a3e</run_address>
         <size>0x26</size>
         <input_file_ref idref="fl-13"/>
      </object_component>
      <object_component id="oc-c6">
         <name>.text:_c_int00_noargs:_c_int00_noargs</name>
         <load_address>0x1002a64</load_address>
         <run_address>0x1002a64</run_address>
         <size>0x24</size>
         <input_file_ref idref="fl-e0"/>
      </object_component>
      <object_component id="oc-299">
         <name>.text:sleepTicks</name>
         <load_address>0x1002a88</load_address>
         <run_address>0x1002a88</run_address>
         <size>0x24</size>
         <input_file_ref idref="fl-17"/>
      </object_component>
      <object_component id="oc-47e">
         <name>.text:Power_unregisterNotify</name>
         <load_address>0x1002aac</load_address>
         <run_address>0x1002aac</run_address>
         <size>0x20</size>
         <input_file_ref idref="fl-f"/>
      </object_component>
      <object_component id="oc-484">
         <name>.text:PinToPadGet</name>
         <load_address>0x1002acc</load_address>
         <run_address>0x1002acc</run_address>
         <size>0x1c</size>
         <input_file_ref idref="fl-1f"/>
      </object_component>
      <object_component id="oc-359">
         <name>.text:SwiP_disable</name>
         <load_address>0x1002ae8</load_address>
         <run_address>0x1002ae8</run_address>
         <size>0x1c</size>
         <input_file_ref idref="fl-1b"/>
      </object_component>
      <object_component id="oc-48">
         <name>.text:decompress:ZI:__TI_zero_init_nomemset:__TI_zero_init_nomemset</name>
         <load_address>0x1002b04</load_address>
         <run_address>0x1002b04</run_address>
         <size>0x1c</size>
         <input_file_ref idref="fl-dc"/>
      </object_component>
      <object_component id="oc-22">
         <name>.text:resetISR</name>
         <load_address>0x1002b20</load_address>
         <run_address>0x1002b20</run_address>
         <size>0x1a</size>
         <input_file_ref idref="fl-1a"/>
      </object_component>
      <object_component id="oc-2e6">
         <name>.text:PowerCC32XX_initPolicy</name>
         <load_address>0x1002b3a</load_address>
         <run_address>0x1002b3a</run_address>
         <size>0x2</size>
         <input_file_ref idref="fl-19"/>
      </object_component>
      <object_component id="oc-36b">
         <name>.text:Power_getTransitionLatency</name>
         <load_address>0x1002b3c</load_address>
         <run_address>0x1002b3c</run_address>
         <size>0x18</size>
         <input_file_ref idref="fl-f"/>
      </object_component>
      <object_component id="oc-56d">
         <name>.text:Power_idleFunc</name>
         <load_address>0x1002b54</load_address>
         <run_address>0x1002b54</run_address>
         <size>0x18</size>
         <input_file_ref idref="fl-f"/>
      </object_component>
      <object_component id="oc-313">
         <name>.text</name>
         <load_address>0x1002b6c</load_address>
         <run_address>0x1002b6c</run_address>
         <size>0x18</size>
         <input_file_ref idref="fl-d9"/>
      </object_component>
      <object_component id="oc-23d">
         <name>.text:PRCMHIBRegRead</name>
         <load_address>0x1002b84</load_address>
         <run_address>0x1002b84</run_address>
         <size>0x16</size>
         <input_file_ref idref="fl-20"/>
      </object_component>
      <object_component id="oc-237">
         <name>.text:PRCMHIBRegWrite</name>
         <load_address>0x1002b9a</load_address>
         <run_address>0x1002b9a</run_address>
         <size>0x16</size>
         <input_file_ref idref="fl-20"/>
      </object_component>
      <object_component id="oc-a4">
         <name>.text:CPUcpsid</name>
         <load_address>0x1002bb0</load_address>
         <run_address>0x1002bb0</run_address>
         <size>0x14</size>
         <input_file_ref idref="fl-1d"/>
      </object_component>
      <object_component id="oc-b0">
         <name>.text:IntVTableBaseSet</name>
         <load_address>0x1002bc4</load_address>
         <run_address>0x1002bc4</run_address>
         <size>0x14</size>
         <input_file_ref idref="fl-1e"/>
      </object_component>
      <object_component id="oc-1c4">
         <name>.text:PWM_Params_init</name>
         <load_address>0x1002bd8</load_address>
         <run_address>0x1002bd8</run_address>
         <size>0x14</size>
         <input_file_ref idref="fl-e"/>
      </object_component>
      <object_component id="oc-51a">
         <name>.text:Power_getDependencyCount</name>
         <load_address>0x1002bec</load_address>
         <run_address>0x1002bec</run_address>
         <size>0x14</size>
         <input_file_ref idref="fl-f"/>
      </object_component>
      <object_component id="oc-11b">
         <name>.text:main</name>
         <load_address>0x1002c00</load_address>
         <run_address>0x1002c00</run_address>
         <size>0x12</size>
         <input_file_ref idref="fl-2"/>
      </object_component>
      <object_component id="oc-4b1">
         <name>.text:postNotifyFxn</name>
         <load_address>0x1002c12</load_address>
         <run_address>0x1002c12</run_address>
         <size>0x12</size>
         <input_file_ref idref="fl-11"/>
      </object_component>
      <object_component id="oc-153">
         <name>.text:Board_init</name>
         <load_address>0x1002c24</load_address>
         <run_address>0x1002c24</run_address>
         <size>0x10</size>
         <input_file_ref idref="fl-4"/>
      </object_component>
      <object_component id="oc-3ec">
         <name>.text:ClockP_add</name>
         <load_address>0x1002c34</load_address>
         <run_address>0x1002c34</run_address>
         <size>0x10</size>
         <input_file_ref idref="fl-17"/>
      </object_component>
      <object_component id="oc-353">
         <name>.text:ClockP_getCpuFreq</name>
         <load_address>0x1002c44</load_address>
         <run_address>0x1002c44</run_address>
         <size>0x10</size>
         <input_file_ref idref="fl-17"/>
      </object_component>
      <object_component id="oc-371">
         <name>.text:ClockP_getSystemTicks</name>
         <load_address>0x1002c54</load_address>
         <run_address>0x1002c54</run_address>
         <size>0x10</size>
         <input_file_ref idref="fl-17"/>
      </object_component>
      <object_component id="oc-388">
         <name>.text:ClockP_setTicks</name>
         <load_address>0x1002c64</load_address>
         <run_address>0x1002c64</run_address>
         <size>0x10</size>
         <input_file_ref idref="fl-17"/>
      </object_component>
      <object_component id="oc-276">
         <name>.text:HwiP_restore</name>
         <load_address>0x1002c74</load_address>
         <run_address>0x1002c74</run_address>
         <size>0x10</size>
         <input_file_ref idref="fl-18"/>
      </object_component>
      <object_component id="oc-3f8">
         <name>.text:Power_enablePolicy</name>
         <load_address>0x1002c84</load_address>
         <run_address>0x1002c84</run_address>
         <size>0x10</size>
         <input_file_ref idref="fl-f"/>
      </object_component>
      <object_component id="oc-3e1">
         <name>.text:SemaphoreP_Params_init</name>
         <load_address>0x1002c94</load_address>
         <run_address>0x1002c94</run_address>
         <size>0x10</size>
         <input_file_ref idref="fl-16"/>
      </object_component>
      <object_component id="oc-270">
         <name>.text:HwiP_disable</name>
         <load_address>0x1002ca4</load_address>
         <run_address>0x1002ca4</run_address>
         <size>0xe</size>
         <input_file_ref idref="fl-18"/>
      </object_component>
      <object_component id="oc-159">
         <name>.text:HwiP_enable</name>
         <load_address>0x1002cb2</load_address>
         <run_address>0x1002cb2</run_address>
         <size>0xe</size>
         <input_file_ref idref="fl-18"/>
      </object_component>
      <object_component id="oc-1b">
         <name>.text:decompress:none:__TI_decompress_none</name>
         <load_address>0x1002cc0</load_address>
         <run_address>0x1002cc0</run_address>
         <size>0xe</size>
         <input_file_ref idref="fl-dd"/>
      </object_component>
      <object_component id="oc-325">
         <name>.text:SemaphoreP_destruct</name>
         <load_address>0x1002cce</load_address>
         <run_address>0x1002cce</run_address>
         <size>0x2</size>
         <input_file_ref idref="fl-16"/>
      </object_component>
      <object_component id="oc-35f">
         <name>.text:Power_getConstraintMask</name>
         <load_address>0x1002cd0</load_address>
         <run_address>0x1002cd0</run_address>
         <size>0xc</size>
         <input_file_ref idref="fl-f"/>
      </object_component>
      <object_component id="oc-3fe">
         <name>.text:ClockP_isActive</name>
         <load_address>0x1002cdc</load_address>
         <run_address>0x1002cdc</run_address>
         <size>0xa</size>
         <input_file_ref idref="fl-17"/>
      </object_component>
      <object_component id="oc-54">
         <name>.text:IntMasterDisable</name>
         <load_address>0x1002ce6</load_address>
         <run_address>0x1002ce6</run_address>
         <size>0xa</size>
         <input_file_ref idref="fl-1e"/>
      </object_component>
      <object_component id="oc-1d6">
         <name>.text:PWM_setDuty</name>
         <load_address>0x1002cf0</load_address>
         <run_address>0x1002cf0</run_address>
         <size>0xa</size>
         <input_file_ref idref="fl-e"/>
      </object_component>
      <object_component id="oc-1d0">
         <name>.text:PWM_start</name>
         <load_address>0x1002cfa</load_address>
         <run_address>0x1002cfa</run_address>
         <size>0xa</size>
         <input_file_ref idref="fl-e"/>
      </object_component>
      <object_component id="oc-3a9">
         <name>.text:PWMTimerCC32XX_control</name>
         <load_address>0x1002d04</load_address>
         <run_address>0x1002d04</run_address>
         <size>0x6</size>
         <input_file_ref idref="fl-11"/>
      </object_component>
      <object_component id="oc-236">
         <name>.text:UtilsDelay</name>
         <load_address>0x1002d0a</load_address>
         <run_address>0x1002d0a</run_address>
         <size>0x6</size>
         <input_file_ref idref="fl-22"/>
      </object_component>
      <object_component id="oc-461">
         <name>.text:HwiP_post</name>
         <load_address>0x1002d10</load_address>
         <run_address>0x1002d10</run_address>
         <size>0x4</size>
         <input_file_ref idref="fl-18"/>
      </object_component>
      <object_component id="oc-115">
         <name>.text:_system_pre_init</name>
         <load_address>0x1002d14</load_address>
         <run_address>0x1002d14</run_address>
         <size>0x4</size>
         <input_file_ref idref="fl-e4"/>
      </object_component>
      <object_component id="oc-166">
         <name>.text:abort:abort</name>
         <load_address>0x1002d18</load_address>
         <run_address>0x1002d18</run_address>
         <size>0x4</size>
         <input_file_ref idref="fl-e6"/>
      </object_component>
      <object_component id="oc-74">
         <name>.text:busFaultHandler</name>
         <load_address>0x1002d1c</load_address>
         <run_address>0x1002d1c</run_address>
         <size>0x2</size>
         <input_file_ref idref="fl-1a"/>
      </object_component>
      <object_component id="oc-40a">
         <name>.text:clkFxn</name>
         <load_address>0x1002d1e</load_address>
         <run_address>0x1002d1e</run_address>
         <size>0x2</size>
         <input_file_ref idref="fl-16"/>
      </object_component>
      <object_component id="oc-6e">
         <name>.text:defaultHandler</name>
         <load_address>0x1002d20</load_address>
         <run_address>0x1002d20</run_address>
         <size>0x2</size>
         <input_file_ref idref="fl-1a"/>
      </object_component>
      <object_component id="oc-68">
         <name>.text:faultISR</name>
         <load_address>0x1002d22</load_address>
         <run_address>0x1002d22</run_address>
         <size>0x2</size>
         <input_file_ref idref="fl-1a"/>
      </object_component>
      <object_component id="oc-62">
         <name>.text:nmiISR</name>
         <load_address>0x1002d24</load_address>
         <run_address>0x1002d24</run_address>
         <size>0x2</size>
         <input_file_ref idref="fl-1a"/>
      </object_component>
      <object_component id="oc-424">
         <name>.text</name>
         <load_address>0x1002d26</load_address>
         <run_address>0x1002d26</run_address>
         <size>0x2</size>
         <input_file_ref idref="fl-e1"/>
      </object_component>
      <object_component id="oc-2dc">
         <name>.const:g_ulPinToPadMap</name>
         <load_address>0x1002d28</load_address>
         <run_address>0x1002d28</run_address>
         <size>0x100</size>
         <input_file_ref idref="fl-1f"/>
      </object_component>
      <object_component id="oc-2d5">
         <name>.const:PRCM_PeriphRegsList</name>
         <load_address>0x1002e28</load_address>
         <run_address>0x1002e28</run_address>
         <size>0xa8</size>
         <input_file_ref idref="fl-20"/>
      </object_component>
      <object_component id="oc-26b">
         <name>.const:PowerCC32XX_config</name>
         <load_address>0x1002ed0</load_address>
         <run_address>0x1002ed0</run_address>
         <size>0x44</size>
         <input_file_ref idref="fl-4"/>
      </object_component>
      <object_component id="oc-2fe">
         <name>.const:PWMTimerCC32XX_fxnTable</name>
         <load_address>0x1002f14</load_address>
         <run_address>0x1002f14</run_address>
         <size>0x24</size>
         <input_file_ref idref="fl-11"/>
      </object_component>
      <object_component id="oc-4d7">
         <name>.const:gpioPinIndexes</name>
         <load_address>0x1002f38</load_address>
         <run_address>0x1002f38</run_address>
         <size>0x20</size>
         <input_file_ref idref="fl-11"/>
      </object_component>
      <object_component id="oc-282">
         <name>.const:PWM_config</name>
         <load_address>0x1002f58</load_address>
         <run_address>0x1002f58</run_address>
         <size>0x18</size>
         <input_file_ref idref="fl-4"/>
      </object_component>
      <object_component id="oc-286">
         <name>.const:PWM_defaultParams</name>
         <load_address>0x1002f70</load_address>
         <run_address>0x1002f70</run_address>
         <size>0x18</size>
         <input_file_ref idref="fl-e"/>
      </object_component>
      <object_component id="oc-10f">
         <name>.const:g_pulEnRegs</name>
         <load_address>0x1002f88</load_address>
         <run_address>0x1002f88</run_address>
         <size>0x18</size>
         <input_file_ref idref="fl-1e"/>
      </object_component>
      <object_component id="oc-582">
         <name>.const:g_pulPendRegs</name>
         <load_address>0x1002fa0</load_address>
         <run_address>0x1002fa0</run_address>
         <size>0x18</size>
         <input_file_ref idref="fl-1e"/>
      </object_component>
      <object_component id="oc-48d">
         <name>.const:gpioBaseAddresses</name>
         <load_address>0x1002fb8</load_address>
         <run_address>0x1002fb8</run_address>
         <size>0x10</size>
         <input_file_ref idref="fl-11"/>
      </object_component>
      <object_component id="oc-48a">
         <name>.const:timerBaseAddresses</name>
         <load_address>0x1002fc8</load_address>
         <run_address>0x1002fc8</run_address>
         <size>0x10</size>
         <input_file_ref idref="fl-11"/>
      </object_component>
      <object_component id="oc-302">
         <name>.const:pwmTimerCC32XXHWAttrs</name>
         <load_address>0x1002fd8</load_address>
         <run_address>0x1002fd8</run_address>
         <size>0x8</size>
         <input_file_ref idref="fl-4"/>
      </object_component>
      <object_component id="oc-4be">
         <name>.const:timerHalves</name>
         <load_address>0x1002fe0</load_address>
         <run_address>0x1002fe0</run_address>
         <size>0x8</size>
         <input_file_ref idref="fl-11"/>
      </object_component>
      <object_component id="oc-27f">
         <name>.const</name>
         <load_address>0x1002fe8</load_address>
         <run_address>0x1002fe8</run_address>
         <size>0x3</size>
         <input_file_ref idref="fl-4"/>
      </object_component>
      <object_component id="oc-5ca">
         <name>.cinit..data.load</name>
         <load_address>0x1002ff0</load_address>
         <run_address>0x1002ff0</run_address>
         <size>0xae</size>
      </object_component>
      <object_component id="oc-5c8">
         <name>__TI_handler_table</name>
         <load_address>0x10030a0</load_address>
         <run_address>0x10030a0</run_address>
         <size>0xc</size>
      </object_component>
      <object_component id="oc-5cb">
         <name>.cinit..bss.load</name>
         <load_address>0x10030b0</load_address>
         <run_address>0x10030b0</run_address>
         <size>0x8</size>
      </object_component>
      <object_component id="oc-5c9">
         <name>__TI_cinit_table</name>
         <load_address>0x10030b8</load_address>
         <run_address>0x10030b8</run_address>
         <size>0x10</size>
      </object_component>
      <object_component id="oc-2f2">
         <name>.data:parkInfo</name>
         <load_address>0x2000847c</load_address>
         <run_address>0x2000847c</run_address>
         <size>0xf8</size>
         <input_file_ref idref="fl-4"/>
      </object_component>
      <object_component id="oc-27c">
         <name>.data</name>
         <load_address>0x2000858c</load_address>
         <run_address>0x2000858c</run_address>
         <size>0x1</size>
         <input_file_ref idref="fl-e"/>
      </object_component>
      <object_component id="oc-268">
         <name>.data:PowerCC32XX_module</name>
         <load_address>0x20008310</load_address>
         <run_address>0x20008310</run_address>
         <size>0x16c</size>
         <input_file_ref idref="fl-f"/>
      </object_component>
      <object_component id="oc-3e7">
         <name>.data</name>
         <load_address>0x20008589</load_address>
         <run_address>0x20008589</run_address>
         <size>0x3</size>
         <input_file_ref idref="fl-16"/>
      </object_component>
      <object_component id="oc-4db">
         <name>.data:SemaphoreP_defaultParams</name>
         <load_address>0x20008574</load_address>
         <run_address>0x20008574</run_address>
         <size>0x8</size>
         <input_file_ref idref="fl-16"/>
      </object_component>
      <object_component id="oc-29f">
         <name>.data</name>
         <load_address>0x20008584</load_address>
         <run_address>0x20008584</run_address>
         <size>0x5</size>
         <input_file_ref idref="fl-17"/>
      </object_component>
      <object_component id="oc-467">
         <name>.data</name>
         <load_address>0x2000857c</load_address>
         <run_address>0x2000857c</run_address>
         <size>0x8</size>
         <input_file_ref idref="fl-18"/>
      </object_component>
      <object_component id="oc-546">
         <name>.bss:timerState</name>
         <uninitialized>true</uninitialized>
         <run_address>0x20008728</run_address>
         <size>0x4</size>
         <input_file_ref idref="fl-12"/>
      </object_component>
      <object_component id="oc-30f">
         <name>.bss</name>
         <uninitialized>true</uninitialized>
         <run_address>0x20008704</run_address>
         <size>0x4</size>
         <input_file_ref idref="fl-17"/>
      </object_component>
      <object_component id="oc-415">
         <name>.bss</name>
         <uninitialized>true</uninitialized>
         <run_address>0x20008718</run_address>
         <size>0xd</size>
         <input_file_ref idref="fl-1b"/>
      </object_component>
      <object_component id="oc-301">
         <name>.common:pwmTimerCC32XXObjects</name>
         <uninitialized>true</uninitialized>
         <run_address>0x200086bc</run_address>
         <size>0x48</size>
      </object_component>
      <object_component id="oc-50b">
         <name>.common:PowerCC32XX_contextSave</name>
         <uninitialized>true</uninitialized>
         <run_address>0x20008590</run_address>
         <size>0x12c</size>
      </object_component>
      <object_component id="oc-e2">
         <name>.common:ClockP_ctrl</name>
         <uninitialized>true</uninitialized>
         <run_address>0x20008708</run_address>
         <size>0x10</size>
      </object_component>
      <object_component id="oc-2b">
         <name>.sysmem</name>
         <uninitialized>true</uninitialized>
         <run_address>0x20000310</run_address>
         <size>0x10</size>
         <input_file_ref idref="fl-df"/>
      </object_component>
      <object_component id="oc-5ce">
         <name>.sysmem</name>
         <uninitialized>true</uninitialized>
         <run_address>0x20000310</run_address>
         <size>0x0</size>
      </object_component>
      <object_component id="oc-2e">
         <name>.stack</name>
         <uninitialized>true</uninitialized>
         <run_address>0x2003f000</run_address>
         <size>0x4</size>
         <input_file_ref idref="fl-e0"/>
      </object_component>
      <object_component id="oc-5cd">
         <name>.stack</name>
         <uninitialized>true</uninitialized>
         <run_address>0x2003f000</run_address>
         <size>0x0</size>
      </object_component>
      <object_component id="oc-28">
         <name>.resetVecs:retain</name>
         <load_address>0x1000800</load_address>
         <run_address>0x1000800</run_address>
         <size>0x40</size>
         <input_file_ref idref="fl-1a"/>
      </object_component>
      <object_component id="oc-bc">
         <name>.ramVecs</name>
         <uninitialized>true</uninitialized>
         <run_address>0x20000000</run_address>
         <size>0x30c</size>
         <input_file_ref idref="fl-1a"/>
      </object_component>
      <object_component id="oc-14e">
         <name>.debug_info</name>
         <load_address>0x0</load_address>
         <run_address>0x0</run_address>
         <size>0x1b9</size>
         <input_file_ref idref="fl-2"/>
      </object_component>
      <object_component id="oc-11f">
         <name>.debug_info</name>
         <load_address>0x1b9</load_address>
         <run_address>0x1b9</run_address>
         <size>0x151</size>
         <input_file_ref idref="fl-2"/>
      </object_component>
      <object_component id="oc-e8">
         <name>.debug_info</name>
         <load_address>0x30a</load_address>
         <run_address>0x30a</run_address>
         <size>0x26b</size>
         <input_file_ref idref="fl-2"/>
      </object_component>
      <object_component id="oc-37">
         <name>.debug_info</name>
         <load_address>0x575</load_address>
         <run_address>0x575</run_address>
         <size>0x84</size>
         <input_file_ref idref="fl-2"/>
      </object_component>
      <object_component id="oc-149">
         <name>.debug_info</name>
         <load_address>0x5f9</load_address>
         <run_address>0x5f9</run_address>
         <size>0x2a4</size>
         <input_file_ref idref="fl-2"/>
      </object_component>
      <object_component id="oc-20b">
         <name>.debug_info</name>
         <load_address>0x89d</load_address>
         <run_address>0x89d</run_address>
         <size>0xef</size>
         <input_file_ref idref="fl-2"/>
      </object_component>
      <object_component id="oc-130">
         <name>.debug_info</name>
         <load_address>0x98c</load_address>
         <run_address>0x98c</run_address>
         <size>0xbb</size>
         <input_file_ref idref="fl-2"/>
      </object_component>
      <object_component id="oc-53b">
         <name>.debug_info</name>
         <load_address>0xa47</load_address>
         <run_address>0xa47</run_address>
         <size>0x53</size>
         <input_file_ref idref="fl-2"/>
      </object_component>
      <object_component id="oc-1e3">
         <name>.debug_info</name>
         <load_address>0xa9a</load_address>
         <run_address>0xa9a</run_address>
         <size>0x2e0</size>
         <input_file_ref idref="fl-3"/>
      </object_component>
      <object_component id="oc-160">
         <name>.debug_info</name>
         <load_address>0xd7a</load_address>
         <run_address>0xd7a</run_address>
         <size>0x26c</size>
         <input_file_ref idref="fl-3"/>
      </object_component>
      <object_component id="oc-1e4">
         <name>.debug_info</name>
         <load_address>0xfe6</load_address>
         <run_address>0xfe6</run_address>
         <size>0x30f</size>
         <input_file_ref idref="fl-3"/>
      </object_component>
      <object_component id="oc-2a5">
         <name>.debug_info</name>
         <load_address>0x12f5</load_address>
         <run_address>0x12f5</run_address>
         <size>0x53</size>
         <input_file_ref idref="fl-3"/>
      </object_component>
      <object_component id="oc-2cb">
         <name>.debug_info</name>
         <load_address>0x1348</load_address>
         <run_address>0x1348</run_address>
         <size>0x435</size>
         <input_file_ref idref="fl-4"/>
      </object_component>
      <object_component id="oc-303">
         <name>.debug_info</name>
         <load_address>0x177d</load_address>
         <run_address>0x177d</run_address>
         <size>0x112</size>
         <input_file_ref idref="fl-4"/>
      </object_component>
      <object_component id="oc-283">
         <name>.debug_info</name>
         <load_address>0x188f</load_address>
         <run_address>0x188f</run_address>
         <size>0xfc</size>
         <input_file_ref idref="fl-4"/>
      </object_component>
      <object_component id="oc-280">
         <name>.debug_info</name>
         <load_address>0x198b</load_address>
         <run_address>0x198b</run_address>
         <size>0x164</size>
         <input_file_ref idref="fl-4"/>
      </object_component>
      <object_component id="oc-26c">
         <name>.debug_info</name>
         <load_address>0x1aef</load_address>
         <run_address>0x1aef</run_address>
         <size>0x10c</size>
         <input_file_ref idref="fl-4"/>
      </object_component>
      <object_component id="oc-2f3">
         <name>.debug_info</name>
         <load_address>0x1bfb</load_address>
         <run_address>0x1bfb</run_address>
         <size>0xf8</size>
         <input_file_ref idref="fl-4"/>
      </object_component>
      <object_component id="oc-1b8">
         <name>.debug_info</name>
         <load_address>0x1cf3</load_address>
         <run_address>0x1cf3</run_address>
         <size>0x150</size>
         <input_file_ref idref="fl-4"/>
      </object_component>
      <object_component id="oc-155">
         <name>.debug_info</name>
         <load_address>0x1e43</load_address>
         <run_address>0x1e43</run_address>
         <size>0x186</size>
         <input_file_ref idref="fl-4"/>
      </object_component>
      <object_component id="oc-215">
         <name>.debug_info</name>
         <load_address>0x1fc9</load_address>
         <run_address>0x1fc9</run_address>
         <size>0x878</size>
         <input_file_ref idref="fl-4"/>
      </object_component>
      <object_component id="oc-210">
         <name>.debug_info</name>
         <load_address>0x2841</load_address>
         <run_address>0x2841</run_address>
         <size>0xb6</size>
         <input_file_ref idref="fl-4"/>
      </object_component>
      <object_component id="oc-21f">
         <name>.debug_info</name>
         <load_address>0x28f7</load_address>
         <run_address>0x28f7</run_address>
         <size>0x10e</size>
         <input_file_ref idref="fl-4"/>
      </object_component>
      <object_component id="oc-229">
         <name>.debug_info</name>
         <load_address>0x2a05</load_address>
         <run_address>0x2a05</run_address>
         <size>0xa1</size>
         <input_file_ref idref="fl-4"/>
      </object_component>
      <object_component id="oc-343">
         <name>.debug_info</name>
         <load_address>0x2aa6</load_address>
         <run_address>0x2aa6</run_address>
         <size>0x62</size>
         <input_file_ref idref="fl-4"/>
      </object_component>
      <object_component id="oc-109">
         <name>.debug_info</name>
         <load_address>0x2b08</load_address>
         <run_address>0x2b08</run_address>
         <size>0x8b</size>
         <input_file_ref idref="fl-4"/>
      </object_component>
      <object_component id="oc-ab">
         <name>.debug_info</name>
         <load_address>0x2b93</load_address>
         <run_address>0x2b93</run_address>
         <size>0x2c</size>
         <input_file_ref idref="fl-4"/>
      </object_component>
      <object_component id="oc-1a5">
         <name>.debug_info</name>
         <load_address>0x2bbf</load_address>
         <run_address>0x2bbf</run_address>
         <size>0x2c2</size>
         <input_file_ref idref="fl-e"/>
      </object_component>
      <object_component id="oc-287">
         <name>.debug_info</name>
         <load_address>0x2e81</load_address>
         <run_address>0x2e81</run_address>
         <size>0xdd</size>
         <input_file_ref idref="fl-e"/>
      </object_component>
      <object_component id="oc-27d">
         <name>.debug_info</name>
         <load_address>0x2f5e</load_address>
         <run_address>0x2f5e</run_address>
         <size>0xd4</size>
         <input_file_ref idref="fl-e"/>
      </object_component>
      <object_component id="oc-1d1">
         <name>.debug_info</name>
         <load_address>0x3032</load_address>
         <run_address>0x3032</run_address>
         <size>0x120</size>
         <input_file_ref idref="fl-e"/>
      </object_component>
      <object_component id="oc-1d7">
         <name>.debug_info</name>
         <load_address>0x3152</load_address>
         <run_address>0x3152</run_address>
         <size>0x139</size>
         <input_file_ref idref="fl-e"/>
      </object_component>
      <object_component id="oc-1cb">
         <name>.debug_info</name>
         <load_address>0x328b</load_address>
         <run_address>0x328b</run_address>
         <size>0x15d</size>
         <input_file_ref idref="fl-e"/>
      </object_component>
      <object_component id="oc-1bf">
         <name>.debug_info</name>
         <load_address>0x33e8</load_address>
         <run_address>0x33e8</run_address>
         <size>0x129</size>
         <input_file_ref idref="fl-e"/>
      </object_component>
      <object_component id="oc-1c5">
         <name>.debug_info</name>
         <load_address>0x3511</load_address>
         <run_address>0x3511</run_address>
         <size>0x110</size>
         <input_file_ref idref="fl-e"/>
      </object_component>
      <object_component id="oc-2cd">
         <name>.debug_info</name>
         <load_address>0x3621</load_address>
         <run_address>0x3621</run_address>
         <size>0xf8</size>
         <input_file_ref idref="fl-e"/>
      </object_component>
      <object_component id="oc-13a">
         <name>.debug_info</name>
         <load_address>0x3719</load_address>
         <run_address>0x3719</run_address>
         <size>0x110</size>
         <input_file_ref idref="fl-e"/>
      </object_component>
      <object_component id="oc-2e2">
         <name>.debug_info</name>
         <load_address>0x3829</load_address>
         <run_address>0x3829</run_address>
         <size>0x5a4</size>
         <input_file_ref idref="fl-f"/>
      </object_component>
      <object_component id="oc-269">
         <name>.debug_info</name>
         <load_address>0x3dcd</load_address>
         <run_address>0x3dcd</run_address>
         <size>0xed</size>
         <input_file_ref idref="fl-f"/>
      </object_component>
      <object_component id="oc-47f">
         <name>.debug_info</name>
         <load_address>0x3eba</load_address>
         <run_address>0x3eba</run_address>
         <size>0x1b7</size>
         <input_file_ref idref="fl-f"/>
      </object_component>
      <object_component id="oc-42b">
         <name>.debug_info</name>
         <load_address>0x4071</load_address>
         <run_address>0x4071</run_address>
         <size>0x167</size>
         <input_file_ref idref="fl-f"/>
      </object_component>
      <object_component id="oc-505">
         <name>.debug_info</name>
         <load_address>0x41d8</load_address>
         <run_address>0x41d8</run_address>
         <size>0x255</size>
         <input_file_ref idref="fl-f"/>
      </object_component>
      <object_component id="oc-432">
         <name>.debug_info</name>
         <load_address>0x442d</load_address>
         <run_address>0x442d</run_address>
         <size>0x191</size>
         <input_file_ref idref="fl-f"/>
      </object_component>
      <object_component id="oc-437">
         <name>.debug_info</name>
         <load_address>0x45be</load_address>
         <run_address>0x45be</run_address>
         <size>0x121</size>
         <input_file_ref idref="fl-f"/>
      </object_component>
      <object_component id="oc-442">
         <name>.debug_info</name>
         <load_address>0x46df</load_address>
         <run_address>0x46df</run_address>
         <size>0x127</size>
         <input_file_ref idref="fl-f"/>
      </object_component>
      <object_component id="oc-51b">
         <name>.debug_info</name>
         <load_address>0x4806</load_address>
         <run_address>0x4806</run_address>
         <size>0x18a</size>
         <input_file_ref idref="fl-f"/>
      </object_component>
      <object_component id="oc-449">
         <name>.debug_info</name>
         <load_address>0x4990</load_address>
         <run_address>0x4990</run_address>
         <size>0x167</size>
         <input_file_ref idref="fl-f"/>
      </object_component>
      <object_component id="oc-523">
         <name>.debug_info</name>
         <load_address>0x4af7</load_address>
         <run_address>0x4af7</run_address>
         <size>0x1f8</size>
         <input_file_ref idref="fl-f"/>
      </object_component>
      <object_component id="oc-44e">
         <name>.debug_info</name>
         <load_address>0x4cef</load_address>
         <run_address>0x4cef</run_address>
         <size>0x171</size>
         <input_file_ref idref="fl-f"/>
      </object_component>
      <object_component id="oc-384">
         <name>.debug_info</name>
         <load_address>0x4e60</load_address>
         <run_address>0x4e60</run_address>
         <size>0x2d6</size>
         <input_file_ref idref="fl-f"/>
      </object_component>
      <object_component id="oc-361">
         <name>.debug_info</name>
         <load_address>0x5136</load_address>
         <run_address>0x5136</run_address>
         <size>0x139</size>
         <input_file_ref idref="fl-f"/>
      </object_component>
      <object_component id="oc-49a">
         <name>.debug_info</name>
         <load_address>0x526f</load_address>
         <run_address>0x526f</run_address>
         <size>0x1d9</size>
         <input_file_ref idref="fl-f"/>
      </object_component>
      <object_component id="oc-4cb">
         <name>.debug_info</name>
         <load_address>0x5448</load_address>
         <run_address>0x5448</run_address>
         <size>0x1b7</size>
         <input_file_ref idref="fl-f"/>
      </object_component>
      <object_component id="oc-479">
         <name>.debug_info</name>
         <load_address>0x55ff</load_address>
         <run_address>0x55ff</run_address>
         <size>0x1da</size>
         <input_file_ref idref="fl-f"/>
      </object_component>
      <object_component id="oc-4d2">
         <name>.debug_info</name>
         <load_address>0x57d9</load_address>
         <run_address>0x57d9</run_address>
         <size>0x1db</size>
         <input_file_ref idref="fl-f"/>
      </object_component>
      <object_component id="oc-4a0">
         <name>.debug_info</name>
         <load_address>0x59b4</load_address>
         <run_address>0x59b4</run_address>
         <size>0x240</size>
         <input_file_ref idref="fl-f"/>
      </object_component>
      <object_component id="oc-263">
         <name>.debug_info</name>
         <load_address>0x5bf4</load_address>
         <run_address>0x5bf4</run_address>
         <size>0x18d</size>
         <input_file_ref idref="fl-f"/>
      </object_component>
      <object_component id="oc-1b1">
         <name>.debug_info</name>
         <load_address>0x5d81</load_address>
         <run_address>0x5d81</run_address>
         <size>0x14b</size>
         <input_file_ref idref="fl-f"/>
      </object_component>
      <object_component id="oc-56e">
         <name>.debug_info</name>
         <load_address>0x5ecc</load_address>
         <run_address>0x5ecc</run_address>
         <size>0x12a</size>
         <input_file_ref idref="fl-f"/>
      </object_component>
      <object_component id="oc-36c">
         <name>.debug_info</name>
         <load_address>0x5ff6</load_address>
         <run_address>0x5ff6</run_address>
         <size>0x195</size>
         <input_file_ref idref="fl-f"/>
      </object_component>
      <object_component id="oc-3f9">
         <name>.debug_info</name>
         <load_address>0x618b</load_address>
         <run_address>0x618b</run_address>
         <size>0x12b</size>
         <input_file_ref idref="fl-f"/>
      </object_component>
      <object_component id="oc-4ac">
         <name>.debug_info</name>
         <load_address>0x62b6</load_address>
         <run_address>0x62b6</run_address>
         <size>0x197</size>
         <input_file_ref idref="fl-f"/>
      </object_component>
      <object_component id="oc-34d">
         <name>.debug_info</name>
         <load_address>0x644d</load_address>
         <run_address>0x644d</run_address>
         <size>0x2c</size>
         <input_file_ref idref="fl-f"/>
      </object_component>
      <object_component id="oc-43f">
         <name>.debug_info</name>
         <load_address>0x6479</load_address>
         <run_address>0x6479</run_address>
         <size>0x11f</size>
         <input_file_ref idref="fl-10"/>
      </object_component>
      <object_component id="oc-510">
         <name>.debug_info</name>
         <load_address>0x6598</load_address>
         <run_address>0x6598</run_address>
         <size>0x103</size>
         <input_file_ref idref="fl-10"/>
      </object_component>
      <object_component id="oc-1a4">
         <name>.debug_info</name>
         <load_address>0x669b</load_address>
         <run_address>0x669b</run_address>
         <size>0x731</size>
         <input_file_ref idref="fl-11"/>
      </object_component>
      <object_component id="oc-2ff">
         <name>.debug_info</name>
         <load_address>0x6dcc</load_address>
         <run_address>0x6dcc</run_address>
         <size>0xf8</size>
         <input_file_ref idref="fl-11"/>
      </object_component>
      <object_component id="oc-48b">
         <name>.debug_info</name>
         <load_address>0x6ec4</load_address>
         <run_address>0x6ec4</run_address>
         <size>0xed</size>
         <input_file_ref idref="fl-11"/>
      </object_component>
      <object_component id="oc-4bf">
         <name>.debug_info</name>
         <load_address>0x6fb1</load_address>
         <run_address>0x6fb1</run_address>
         <size>0xdf</size>
         <input_file_ref idref="fl-11"/>
      </object_component>
      <object_component id="oc-48e">
         <name>.debug_info</name>
         <load_address>0x7090</load_address>
         <run_address>0x7090</run_address>
         <size>0xeb</size>
         <input_file_ref idref="fl-11"/>
      </object_component>
      <object_component id="oc-4d8">
         <name>.debug_info</name>
         <load_address>0x717b</load_address>
         <run_address>0x717b</run_address>
         <size>0xe5</size>
         <input_file_ref idref="fl-11"/>
      </object_component>
      <object_component id="oc-4c4">
         <name>.debug_info</name>
         <load_address>0x7260</load_address>
         <run_address>0x7260</run_address>
         <size>0x1c7</size>
         <input_file_ref idref="fl-11"/>
      </object_component>
      <object_component id="oc-4ba">
         <name>.debug_info</name>
         <load_address>0x7427</load_address>
         <run_address>0x7427</run_address>
         <size>0x215</size>
         <input_file_ref idref="fl-11"/>
      </object_component>
      <object_component id="oc-474">
         <name>.debug_info</name>
         <load_address>0x763c</load_address>
         <run_address>0x763c</run_address>
         <size>0x15e</size>
         <input_file_ref idref="fl-11"/>
      </object_component>
      <object_component id="oc-3a5">
         <name>.debug_info</name>
         <load_address>0x779a</load_address>
         <run_address>0x779a</run_address>
         <size>0x2db</size>
         <input_file_ref idref="fl-11"/>
      </object_component>
      <object_component id="oc-3b7">
         <name>.debug_info</name>
         <load_address>0x7a75</load_address>
         <run_address>0x7a75</run_address>
         <size>0x37b</size>
         <input_file_ref idref="fl-11"/>
      </object_component>
      <object_component id="oc-3b1">
         <name>.debug_info</name>
         <load_address>0x7df0</load_address>
         <run_address>0x7df0</run_address>
         <size>0x148</size>
         <input_file_ref idref="fl-11"/>
      </object_component>
      <object_component id="oc-3ab">
         <name>.debug_info</name>
         <load_address>0x7f38</load_address>
         <run_address>0x7f38</run_address>
         <size>0x170</size>
         <input_file_ref idref="fl-11"/>
      </object_component>
      <object_component id="oc-3be">
         <name>.debug_info</name>
         <load_address>0x80a8</load_address>
         <run_address>0x80a8</run_address>
         <size>0x26d</size>
         <input_file_ref idref="fl-11"/>
      </object_component>
      <object_component id="oc-3ca">
         <name>.debug_info</name>
         <load_address>0x8315</load_address>
         <run_address>0x8315</run_address>
         <size>0x338</size>
         <input_file_ref idref="fl-11"/>
      </object_component>
      <object_component id="oc-3d0">
         <name>.debug_info</name>
         <load_address>0x864d</load_address>
         <run_address>0x864d</run_address>
         <size>0x22f</size>
         <input_file_ref idref="fl-11"/>
      </object_component>
      <object_component id="oc-3d6">
         <name>.debug_info</name>
         <load_address>0x887c</load_address>
         <run_address>0x887c</run_address>
         <size>0x29c</size>
         <input_file_ref idref="fl-11"/>
      </object_component>
      <object_component id="oc-3c4">
         <name>.debug_info</name>
         <load_address>0x8b18</load_address>
         <run_address>0x8b18</run_address>
         <size>0x27b</size>
         <input_file_ref idref="fl-11"/>
      </object_component>
      <object_component id="oc-4a7">
         <name>.debug_info</name>
         <load_address>0x8d93</load_address>
         <run_address>0x8d93</run_address>
         <size>0x29e</size>
         <input_file_ref idref="fl-11"/>
      </object_component>
      <object_component id="oc-4b3">
         <name>.debug_info</name>
         <load_address>0x9031</load_address>
         <run_address>0x9031</run_address>
         <size>0x1a1</size>
         <input_file_ref idref="fl-11"/>
      </object_component>
      <object_component id="oc-224">
         <name>.debug_info</name>
         <load_address>0x91d2</load_address>
         <run_address>0x91d2</run_address>
         <size>0x2a9</size>
         <input_file_ref idref="fl-11"/>
      </object_component>
      <object_component id="oc-135">
         <name>.debug_info</name>
         <load_address>0x947b</load_address>
         <run_address>0x947b</run_address>
         <size>0x100</size>
         <input_file_ref idref="fl-11"/>
      </object_component>
      <object_component id="oc-21a">
         <name>.debug_info</name>
         <load_address>0x957b</load_address>
         <run_address>0x957b</run_address>
         <size>0x183</size>
         <input_file_ref idref="fl-11"/>
      </object_component>
      <object_component id="oc-13f">
         <name>.debug_info</name>
         <load_address>0x96fe</load_address>
         <run_address>0x96fe</run_address>
         <size>0x137</size>
         <input_file_ref idref="fl-11"/>
      </object_component>
      <object_component id="oc-54a">
         <name>.debug_info</name>
         <load_address>0x9835</load_address>
         <run_address>0x9835</run_address>
         <size>0x8ef</size>
         <input_file_ref idref="fl-12"/>
      </object_component>
      <object_component id="oc-547">
         <name>.debug_info</name>
         <load_address>0xa124</load_address>
         <run_address>0xa124</run_address>
         <size>0xdc</size>
         <input_file_ref idref="fl-12"/>
      </object_component>
      <object_component id="oc-543">
         <name>.debug_info</name>
         <load_address>0xa200</load_address>
         <run_address>0xa200</run_address>
         <size>0x15b</size>
         <input_file_ref idref="fl-12"/>
      </object_component>
      <object_component id="oc-496">
         <name>.debug_info</name>
         <load_address>0xa35b</load_address>
         <run_address>0xa35b</run_address>
         <size>0x253</size>
         <input_file_ref idref="fl-12"/>
      </object_component>
      <object_component id="oc-46f">
         <name>.debug_info</name>
         <load_address>0xa5ae</load_address>
         <run_address>0xa5ae</run_address>
         <size>0x21b</size>
         <input_file_ref idref="fl-12"/>
      </object_component>
      <object_component id="oc-589">
         <name>.debug_info</name>
         <load_address>0xa7c9</load_address>
         <run_address>0xa7c9</run_address>
         <size>0x3d</size>
         <input_file_ref idref="fl-12"/>
      </object_component>
      <object_component id="oc-590">
         <name>.debug_info</name>
         <load_address>0xa806</load_address>
         <run_address>0xa806</run_address>
         <size>0x1e8</size>
         <input_file_ref idref="fl-13"/>
      </object_component>
      <object_component id="oc-54f">
         <name>.debug_info</name>
         <load_address>0xa9ee</load_address>
         <run_address>0xa9ee</run_address>
         <size>0x172</size>
         <input_file_ref idref="fl-13"/>
      </object_component>
      <object_component id="oc-55d">
         <name>.debug_info</name>
         <load_address>0xab60</load_address>
         <run_address>0xab60</run_address>
         <size>0x16c</size>
         <input_file_ref idref="fl-13"/>
      </object_component>
      <object_component id="oc-3eb">
         <name>.debug_info</name>
         <load_address>0xaccc</load_address>
         <run_address>0xaccc</run_address>
         <size>0x459</size>
         <input_file_ref idref="fl-16"/>
      </object_component>
      <object_component id="oc-3e8">
         <name>.debug_info</name>
         <load_address>0xb125</load_address>
         <run_address>0xb125</run_address>
         <size>0x17f</size>
         <input_file_ref idref="fl-16"/>
      </object_component>
[...]
         <object_component_ref idref="oc-1d6"/>
      </symbol>
      <symbol id="sm-12c">
         <name>PWM_start</name>
         <value>0x1002cfb</value>
         <object_component_ref idref="oc-1d0"/>
      </symbol>
      <symbol id="sm-12d">
         <name>PWM_open</name>
         <value>0x1002619</value>
         <object_component_ref idref="oc-1ca"/>
      </symbol>
      <symbol id="sm-12e">
         <name>PWM_defaultParams</name>
         <value>0x1002f70</value>
         <object_component_ref idref="oc-286"/>
      </symbol>
      <symbol id="sm-12f">
         <name>PWM_init</name>
         <value>0x1002509</value>
         <object_component_ref idref="oc-1be"/>
      </symbol>
      <symbol id="sm-28f">
         <name>PowerCC32XX_contextSave</name>
         <value>0x20008590</value>
      </symbol>
      <symbol id="sm-290">
         <name>PowerCC32XX_configureWakeup</name>
         <value>0x100159d</value>
         <object_component_ref idref="oc-262"/>
      </symbol>
      <symbol id="sm-291">
         <name>Power_registerNotify</name>
         <value>0x10029f1</value>
         <object_component_ref idref="oc-49f"/>
      </symbol>
      <symbol id="sm-292">
         <name>PowerCC32XX_restoreParkedPin</name>
         <value>0x1002999</value>
         <object_component_ref idref="oc-521"/>
      </symbol>
      <symbol id="sm-293">
         <name>Power_releaseDependency</name>
         <value>0x100204d</value>
         <object_component_ref idref="oc-478"/>
      </symbol>
      <symbol id="sm-294">
         <name>Power_unregisterNotify</name>
         <value>0x1002aad</value>
         <object_component_ref idref="oc-47e"/>
      </symbol>
      <symbol id="sm-295">
         <name>Power_sleep</name>
         <value>0x1001091</value>
         <object_component_ref idref="oc-382"/>
      </symbol>
      <symbol id="sm-296">
         <name>Power_releaseConstraint</name>
         <value>0x1002439</value>
         <object_component_ref idref="oc-4d1"/>
      </symbol>
      <symbol id="sm-297">
         <name>Power_idleFunc</name>
         <value>0x1002b55</value>
         <object_component_ref idref="oc-56d"/>
      </symbol>
      <symbol id="sm-298">
         <name>Power_getConstraintMask</name>
         <value>0x1002cd1</value>
         <object_component_ref idref="oc-35f"/>
      </symbol>
      <symbol id="sm-299">
         <name>Power_init</name>
         <value>0x1001c1d</value>
         <object_component_ref idref="oc-1b0"/>
      </symbol>
      <symbol id="sm-29a">
         <name>PowerCC32XX_setParkState</name>
         <value>0x1001e75</value>
         <object_component_ref idref="oc-4ab"/>
      </symbol>
      <symbol id="sm-29b">
         <name>Power_getDependencyCount</name>
         <value>0x1002bed</value>
         <object_component_ref idref="oc-51a"/>
      </symbol>
      <symbol id="sm-29c">
         <name>Power_enablePolicy</name>
         <value>0x1002c85</value>
         <object_component_ref idref="oc-3f8"/>
      </symbol>
      <symbol id="sm-29d">
         <name>Power_setConstraint</name>
         <value>0x10026d5</value>
         <object_component_ref idref="oc-4ca"/>
      </symbol>
      <symbol id="sm-29e">
         <name>PowerCC32XX_parkPin</name>
         <value>0x10021e9</value>
         <object_component_ref idref="oc-504"/>
      </symbol>
      <symbol id="sm-29f">
         <name>PowerCC32XX_module</name>
         <value>0x20008310</value>
         <object_component_ref idref="oc-268"/>
      </symbol>
      <symbol id="sm-2a0">
         <name>Power_getTransitionLatency</name>
         <value>0x1002b3d</value>
         <object_component_ref idref="oc-36b"/>
      </symbol>
      <symbol id="sm-2a1">
         <name>Power_setDependency</name>
         <value>0x1001d25</value>
         <object_component_ref idref="oc-499"/>
      </symbol>
      <symbol id="sm-2b2">
         <name>PowerCC32XX_enterLPDS</name>
         <value>0x100254d</value>
         <object_component_ref idref="oc-43c"/>
      </symbol>
      <symbol id="sm-2b3">
         <name>PowerCC32XX_resumeLPDS</name>
         <value>0x10020a5</value>
         <object_component_ref idref="oc-50d"/>
      </symbol>
      <symbol id="sm-3b4">
         <name>PWMTimerCC32XX_fxnTable</name>
         <value>0x1002f14</value>
         <object_component_ref idref="oc-2fe"/>
      </symbol>
      <symbol id="sm-3b5">
         <name>PWMTimerCC32XX_setPeriod</name>
         <value>0x10018c5</value>
         <object_component_ref idref="oc-3c1"/>
      </symbol>
      <symbol id="sm-3b6">
         <name>PWMTimerCC32XX_setDutyAndPeriod</name>
         <value>0x1000f51</value>
         <object_component_ref idref="oc-3c7"/>
      </symbol>
      <symbol id="sm-3b7">
         <name>PWMTimerCC32XX_stop</name>
         <value>0x10012b9</value>
         <object_component_ref idref="oc-3d3"/>
      </symbol>
      <symbol id="sm-3b8">
         <name>PWMTimerCC32XX_start</name>
         <value>0x1001da5</value>
         <object_component_ref idref="oc-3cd"/>
      </symbol>
      <symbol id="sm-3b9">
         <name>PWMTimerCC32XX_close</name>
         <value>0x1001b0d</value>
         <object_component_ref idref="oc-3a3"/>
      </symbol>
      <symbol id="sm-3ba">
         <name>PWMTimerCC32XX_setDuty</name>
         <value>0x100143d</value>
         <object_component_ref idref="oc-3bb"/>
      </symbol>
      <symbol id="sm-3bb">
         <name>PWMTimerCC32XX_init</name>
         <value>0x10020f7</value>
         <object_component_ref idref="oc-3af"/>
      </symbol>
      <symbol id="sm-3bc">
         <name>PWMTimerCC32XX_control</name>
         <value>0x1002d05</value>
         <object_component_ref idref="oc-3a9"/>
      </symbol>
      <symbol id="sm-3bd">
         <name>PWMTimerCC32XX_open</name>
         <value>0x10011c9</value>
         <object_component_ref idref="oc-3b5"/>
      </symbol>
      <symbol id="sm-3f3">
         <name>TimerCC32XX_freeTimerResource</name>
         <value>0x1002901</value>
         <object_component_ref idref="oc-46c"/>
      </symbol>
      <symbol id="sm-3f4">
         <name>TimerCC32XX_allocateTimerResource</name>
         <value>0x1002199</value>
         <object_component_ref idref="oc-493"/>
      </symbol>
      <symbol id="sm-40c">
         <name>List_remove</name>
         <value>0x1002a3f</value>
         <object_component_ref idref="oc-54d"/>
      </symbol>
      <symbol id="sm-40d">
         <name>List_put</name>
         <value>0x1002a19</value>
         <object_component_ref idref="oc-55b"/>
      </symbol>
      <symbol id="sm-46c">
         <name>SemaphoreP_defaultParams</name>
         <value>0x20008574</value>
         <object_component_ref idref="oc-4db"/>
      </symbol>
      <symbol id="sm-46d">
         <name>SemaphoreP_construct</name>
         <value>0x1002149</value>
         <object_component_ref idref="oc-319"/>
      </symbol>
      <symbol id="sm-46e">
         <name>SemaphoreP_destruct</name>
         <value>0x1002ccf</value>
         <object_component_ref idref="oc-325"/>
      </symbol>
      <symbol id="sm-46f">
         <name>SemaphoreP_pend</name>
         <value>0x10016e9</value>
         <object_component_ref idref="oc-31f"/>
      </symbol>
      <symbol id="sm-470">
         <name>SemaphoreP_Params_init</name>
         <value>0x1002c95</value>
         <object_component_ref idref="oc-3e1"/>
      </symbol>
      <symbol id="sm-471">
         <name>clkFxn</name>
         <value>0x1002d1f</value>
         <object_component_ref idref="oc-40a"/>
      </symbol>
      <symbol id="sm-551">
         <name>ClockP_ctrl</name>
         <value>0x20008708</value>
      </symbol>
      <symbol id="sm-552">
         <name>ClockP_doTick</name>
         <value>0x10020f9</value>
         <object_component_ref idref="oc-7a"/>
      </symbol>
      <symbol id="sm-553">
         <name>ClockP_startup</name>
         <value>0x1002899</value>
         <object_component_ref idref="oc-28d"/>
      </symbol>
      <symbol id="sm-554">
         <name>ClockP_stop</name>
         <value>0x1002481</value>
         <object_component_ref idref="oc-4e9"/>
      </symbol>
      <symbol id="sm-555">
         <name>ClockP_getTicksUntilInterrupt</name>
         <value>0x1002865</value>
         <object_component_ref idref="oc-365"/>
      </symbol>
      <symbol id="sm-556">
         <name>ClockP_setTicks</name>
         <value>0x1002c65</value>
         <object_component_ref idref="oc-388"/>
      </symbol>
      <symbol id="sm-557">
         <name>ClockP_tickPeriod</name>
         <value>0x20008584</value>
         <object_component_ref idref="oc-29f"/>
      </symbol>
      <symbol id="sm-558">
         <name>ClockP_usleep</name>
         <value>0x1002319</value>
         <object_component_ref idref="oc-1dc"/>
      </symbol>
      <symbol id="sm-559">
         <name>ClockP_getSystemTicks</name>
         <value>0x1002c55</value>
         <object_component_ref idref="oc-371"/>
      </symbol>
      <symbol id="sm-55a">
         <name>ClockP_destruct</name>
         <value>0x1002699</value>
         <object_component_ref idref="oc-404"/>
      </symbol>
      <symbol id="sm-55b">
         <name>ClockP_start</name>
         <value>0x1002969</value>
         <object_component_ref idref="oc-3f2"/>
      </symbol>
      <symbol id="sm-55c">
         <name>ClockP_sysTickHandler</name>
         <value>0x10020f9</value>
         <object_component_ref idref="oc-7a"/>
      </symbol>
      <symbol id="sm-55d">
         <name>ClockP_isActive</name>
         <value>0x1002cdd</value>
         <object_component_ref idref="oc-3fe"/>
      </symbol>
      <symbol id="sm-55e">
         <name>ClockP_getCpuFreq</name>
         <value>0x1002c45</value>
         <object_component_ref idref="oc-353"/>
      </symbol>
      <symbol id="sm-55f">
         <name>ClockP_add</name>
         <value>0x1002c35</value>
         <object_component_ref idref="oc-3ec"/>
      </symbol>
      <symbol id="sm-591">
         <name>HwiP_swiPIntNum</name>
         <value>0x20008580</value>
         <object_component_ref idref="oc-467"/>
      </symbol>
      <symbol id="sm-592">
         <name>HwiP_disable</name>
         <value>0x1002ca5</value>
         <object_component_ref idref="oc-270"/>
      </symbol>
      <symbol id="sm-593">
         <name>HwiP_key</name>
         <value>0x2000857c</value>
         <object_component_ref idref="oc-467"/>
      </symbol>
      <symbol id="sm-594">
         <name>HwiP_post</name>
         <value>0x1002d11</value>
         <object_component_ref idref="oc-461"/>
      </symbol>
      <symbol id="sm-595">
         <name>HwiP_enable</name>
         <value>0x1002cb3</value>
         <object_component_ref idref="oc-159"/>
      </symbol>
      <symbol id="sm-596">
         <name>HwiP_restore</name>
         <value>0x1002c75</value>
         <object_component_ref idref="oc-276"/>
      </symbol>
      <symbol id="sm-5c6">
         <name>PowerCC32XX_initPolicy</name>
         <value>0x1002b3b</value>
         <object_component_ref idref="oc-2e6"/>
      </symbol>
      <symbol id="sm-5c7">
         <name>PowerCC32XX_sleepPolicy</name>
         <value>0x1000c6d</value>
         <object_component_ref idref="oc-2ec"/>
      </symbol>
      <symbol id="sm-61c">
         <name>resetISR</name>
         <value>0x1002b21</value>
         <object_component_ref idref="oc-22"/>
      </symbol>
      <symbol id="sm-61d">
         <name>resetVectorAddr</name>
         <value>0x1002b34</value>
         <object_component_ref idref="oc-22"/>
      </symbol>
      <symbol id="sm-61e">
         <name>initVectors</name>
         <value>0x10027f5</value>
         <object_component_ref idref="oc-5a"/>
      </symbol>
      <symbol id="sm-61f">
         <name>resetVectors</name>
         <value>0x1000800</value>
         <object_component_ref idref="oc-28"/>
      </symbol>
      <symbol id="sm-64f">
         <name>SwiP_disable</name>
         <value>0x1002ae9</value>
         <object_component_ref idref="oc-359"/>
      </symbol>
      <symbol id="sm-650">
         <name>SwiP_restore</name>
         <value>0x1002591</value>
         <object_component_ref idref="oc-38e"/>
      </symbol>
      <symbol id="sm-65b">
         <name>CPUcpsid</name>
         <value>0x1002bb1</value>
         <object_component_ref idref="oc-a4"/>
      </symbol>
      <symbol id="sm-6a0">
         <name>IntVTableBaseSet</name>
         <value>0x1002bc5</value>
         <object_component_ref idref="oc-b0"/>
      </symbol>
      <symbol id="sm-6a1">
         <name>IntEnable</name>
         <value>0x10014f5</value>
         <object_component_ref idref="oc-b6"/>
      </symbol>
      <symbol id="sm-6a2">
         <name>IntMasterDisable</name>
         <value>0x1002ce7</value>
         <object_component_ref idref="oc-54"/>
      </symbol>
      <symbol id="sm-6a3">
         <name>IntPendSet</name>
         <value>0x1001a85</value>
         <object_component_ref idref="oc-530"/>
      </symbol>
      <symbol id="sm-6dd">
         <name>PinModeGet</name>
         <value>0x10028cd</value>
         <object_component_ref idref="oc-255"/>
      </symbol>
      <symbol id="sm-6de">
         <name>PinConfigSet</name>
         <value>0x1001b95</value>
         <object_component_ref idref="oc-576"/>
      </symbol>
      <symbol id="sm-6df">
         <name>PinModeSet</name>
         <value>0x1002659</value>
         <object_component_ref idref="oc-25b"/>
      </symbol>
      <symbol id="sm-6e0">
         <name>PinToPadGet</name>
         <value>0x1002acd</value>
         <object_component_ref idref="oc-484"/>
      </symbol>
      <symbol id="sm-7a9">
         <name>PRCMLPDSRestoreInfoSet</name>
         <value>0x10024c5</value>
         <object_component_ref idref="oc-512"/>
      </symbol>
      <symbol id="sm-7aa">
         <name>PRCMPeripheralReset</name>
         <value>0x1001ff5</value>
         <object_component_ref idref="oc-249"/>
      </symbol>
      <symbol id="sm-7ab">
         <name>PRCMLPDSEnter</name>
         <value>0x10023a9</value>
         <object_component_ref idref="oc-453"/>
      </symbol>
      <symbol id="sm-7ac">
         <name>PRCMPeripheralClkEnable</name>
         <value>0x10023f1</value>
         <object_component_ref idref="oc-243"/>
      </symbol>
      <symbol id="sm-7ad">
         <name>PRCMLPDSEnterKeepDebugIf</name>
         <value>0x1002785</value>
         <object_component_ref idref="oc-459"/>
      </symbol>
      <symbol id="sm-7ae">
         <name>PRCMCC3200MCUInit</name>
         <value>0x1000841</value>
         <object_component_ref idref="oc-1aa"/>
      </symbol>
      <symbol id="sm-7af">
         <name>PRCMHIBRegWrite</name>
         <value>0x1002b9b</value>
         <object_component_ref idref="oc-237"/>
      </symbol>
      <symbol id="sm-7b0">
         <name>PRCMSysResetCauseGet</name>
         <value>0x1001ed9</value>
         <object_component_ref idref="oc-230"/>
      </symbol>
      <symbol id="sm-7b1">
         <name>PRCMPeripheralClkDisable</name>
         <value>0x10029c9</value>
         <object_component_ref idref="oc-24f"/>
      </symbol>
      <symbol id="sm-7b2">
         <name>PRCMHIBRegRead</name>
         <value>0x1002b85</value>
         <object_component_ref idref="oc-23d"/>
      </symbol>
      <symbol id="sm-7b7">
         <name>UtilsDelay</name>
         <value>0x1002d0b</value>
         <object_component_ref idref="oc-236"/>
      </symbol>
      <symbol id="sm-7c7">
         <name>FlashDisable</name>
         <value>0x1002361</value>
         <object_component_ref idref="oc-528"/>
      </symbol>
      <symbol id="sm-7d0">
         <name>__aeabi_lmul</name>
         <value>0x1002b6d</value>
         <object_component_ref idref="oc-313"/>
      </symbol>
      <symbol id="sm-7eb">
         <name>memcpy</name>
         <value>0x1001829</value>
         <object_component_ref idref="oc-3c"/>
      </symbol>
      <symbol id="sm-7ec">
         <name>__aeabi_memcpy</name>
         <value>0x1001829</value>
         <object_component_ref idref="oc-3c"/>
      </symbol>
      <symbol id="sm-7ed">
         <name>__aeabi_memcpy8</name>
         <value>0x1001829</value>
         <object_component_ref idref="oc-3c"/>
      </symbol>
      <symbol id="sm-7ee">
         <name>__aeabi_memcpy4</name>
         <value>0x1001829</value>
         <object_component_ref idref="oc-3c"/>
      </symbol>
      <symbol id="sm-7fb">
         <name>__aeabi_uldivmod</name>
         <value>0x100195d</value>
         <object_component_ref idref="oc-37d"/>
      </symbol>
      <symbol id="sm-80f">
         <name>__TI_zero_init_nomemset</name>
         <value>0x1002b05</value>
         <object_component_ref idref="oc-48"/>
      </symbol>
      <symbol id="sm-826">
         <name>__TI_decompress_none</name>
         <value>0x1002cc1</value>
         <object_component_ref idref="oc-1b"/>
      </symbol>
      <symbol id="sm-849">
         <name>__TI_decompress_lzss</name>
         <value>0x1001e0d</value>
         <object_component_ref idref="oc-15"/>
      </symbol>
      <symbol id="sm-85e">
         <name>_sys_memory</name>
         <value>0x20000310</value>
         <object_component_ref idref="oc-2b"/>
      </symbol>
      <symbol id="sm-870">
         <name>__stack</name>
         <value>0x2003f000</value>
         <object_component_ref idref="oc-2e"/>
      </symbol>
      <symbol id="sm-871">
         <name>_c_int00_noargs</name>
         <value>0x1002a65</value>
         <object_component_ref idref="oc-c6"/>
      </symbol>
      <symbol id="sm-87b">
         <name>__aeabi_idiv0</name>
         <value>0x1002d27</value>
         <object_component_ref idref="oc-424"/>
      </symbol>
      <symbol id="sm-87c">
         <name>__aeabi_ldiv0</name>
         <value>0x1002d27</value>
         <object_component_ref idref="oc-424"/>
      </symbol>
      <symbol id="sm-8a5">
         <name>__TI_auto_init_nobinit_nopinit</name>
         <value>0x10025d5</value>
         <object_component_ref idref="oc-172"/>
      </symbol>
      <symbol id="sm-8af">
         <name>_system_pre_init</name>
         <value>0x1002d15</value>
         <object_component_ref idref="oc-115"/>
      </symbol>
      <symbol id="sm-8bb">
         <name>C$$EXIT</name>
         <value>0x1002d19</value>
         <object_component_ref idref="oc-166"/>
      </symbol>
      <symbol id="sm-8bc">
         <name>abort</name>
         <value>0x1002d19</value>
         <object_component_ref idref="oc-166"/>
      </symbol>
      <symbol id="sm-8bf">
         <name>__TI_static_base__</name>
         <value>0x1002ff0</value>
      </symbol>
      <symbol id="sm-8c2">
         <name>ITM_flush</name>
         <value>0x0</value>
      </symbol>
      <symbol id="sm-8c3">
         <name>ITM_restore</name>
         <value>0x0</value>
      </symbol>
      <symbol id="sm-8c4">
         <name>__mpu_init</name>
         <value>0x0</value>
      </symbol>
      <symbol id="sm-8c5">
         <name>_system_post_cinit</name>
         <value>0x0</value>
      </symbol>
      <symbol id="sm-8c6">
         <name>usleep</name>
         <value>0x1002319</value>
      </symbol>
      <symbol id="sm-8c7">
         <name>NoRTOS_start</name>
         <value>0x1002cb3</value>
      </symbol>
   </symbol_table>
   <title>Link successful</title>
</link_info>
